Archive member included because of file (symbol)

c:/users/asus/appdata/local/arduino15/packages/arduino/tools/arm-none-eabi-gcc/4.8.3-2014q1/bin/../lib/gcc/arm-none-eabi/4.8.3/../../../../arm-none-eabi/lib/armv6-m\libm.a(lib_a-w_asin.o)
                              C:\Users\Asus\AppData\Local\Temp\arduino\sketches\4D1EEAFB6D70000CC430953D4A4E66C7\libraries\SparkFun_MPU-9250_Digital_Motion_Processing__DMP__Arduino_Librar\SparkFunMPU9250-DMP.cpp.o (asin)
c:/users/asus/appdata/local/arduino15/packages/arduino/tools/arm-none-eabi-gcc/4.8.3-2014q1/bin/../lib/gcc/arm-none-eabi/4.8.3/../../../../arm-none-eabi/lib/armv6-m\libm.a(lib_a-w_atan2.o)
                              C:\Users\Asus\AppData\Local\Temp\arduino\sketches\4D1EEAFB6D70000CC430953D4A4E66C7\libraries\SparkFun_MPU-9250_Digital_Motion_Processing__DMP__Arduino_Librar\SparkFunMPU9250-DMP.cpp.o (atan2)
c:/users/asus/appdata/local/arduino15/packages/arduino/tools/arm-none-eabi-gcc/4.8.3-2014q1/bin/../lib/gcc/arm-none-eabi/4.8.3/../../../../arm-none-eabi/lib/armv6-m\libm.a(lib_a-e_asin.o)
                              c:/users/asus/appdata/local/arduino15/packages/arduino/tools/arm-none-eabi-gcc/4.8.3-2014q1/bin/../lib/gcc/arm-none-eabi/4.8.3/../../../../arm-none-eabi/lib/armv6-m\libm.a(lib_a-w_asin.o) (__ieee754_asin)
c:/users/asus/appdata/local/arduino15/packages/arduino/tools/arm-none-eabi-gcc/4.8.3-2014q1/bin/../lib/gcc/arm-none-eabi/4.8.3/../../../../arm-none-eabi/lib/armv6-m\libm.a(lib_a-e_atan2.o)
                              c:/users/asus/appdata/local/arduino15/packages/arduino/tools/arm-none-eabi-gcc/4.8.3-2014q1/bin/../lib/gcc/arm-none-eabi/4.8.3/../../../../arm-none-eabi/lib/armv6-m\libm.a(lib_a-w_atan2.o) (__ieee754_atan2)
c:/users/asus/appdata/local/arduino15/packages/arduino/tools/arm-none-eabi-gcc/4.8.3-2014q1/bin/../lib/gcc/arm-none-eabi/4.8.3/../../../../arm-none-eabi/lib/armv6-m\libm.a(lib_a-e_sqrt.o)
                              c:/users/asus/appdata/local/arduino15/packages/arduino/tools/arm-none-eabi-gcc/4.8.3-2014q1/bin/../lib/gcc/arm-none-eabi/4.8.3/../../../../arm-none-eabi/lib/armv6-m\libm.a(lib_a-e_asin.o) (__ieee754_sqrt)
c:/users/asus/appdata/local/arduino15/packages/arduino/tools/arm-none-eabi-gcc/4.8.3-2014q1/bin/../lib/gcc/arm-none-eabi/4.8.3/../../../../arm-none-eabi/lib/armv6-m\libm.a(lib_a-s_atan.o)
                              c:/users/asus/appdata/local/arduino15/packages/arduino/tools/arm-none-eabi-gcc/4.8.3-2014q1/bin/../lib/gcc/arm-none-eabi/4.8.3/../../../../arm-none-eabi/lib/armv6-m\libm.a(lib_a-e_atan2.o) (atan)
c:/users/asus/appdata/local/arduino15/packages/arduino/tools/arm-none-eabi-gcc/4.8.3-2014q1/bin/../lib/gcc/arm-none-eabi/4.8.3/../../../../arm-none-eabi/lib/armv6-m\libm.a(lib_a-s_fabs.o)
                              c:/users/asus/appdata/local/arduino15/packages/arduino/tools/arm-none-eabi-gcc/4.8.3-2014q1/bin/../lib/gcc/arm-none-eabi/4.8.3/../../../../arm-none-eabi/lib/armv6-m\libm.a(lib_a-w_asin.o) (fabs)
c:/users/asus/appdata/local/arduino15/packages/arduino/tools/arm-none-eabi-gcc/4.8.3-2014q1/bin/../lib/gcc/arm-none-eabi/4.8.3/../../../../arm-none-eabi/lib/armv6-m\libm.a(lib_a-s_fpclassify.o)
                              c:/users/asus/appdata/local/arduino15/packages/arduino/tools/arm-none-eabi-gcc/4.8.3-2014q1/bin/../lib/gcc/arm-none-eabi/4.8.3/../../../../arm-none-eabi/lib/armv6-m\libm.a(lib_a-w_asin.o) (__fpclassifyd)
c:/users/asus/appdata/local/arduino15/packages/arduino/tools/arm-none-eabi-gcc/4.8.3-2014q1/bin/../lib/gcc/arm-none-eabi/4.8.3/../../../../arm-none-eabi/lib/armv6-m\libm.a(lib_a-s_lib_ver.o)
                              c:/users/asus/appdata/local/arduino15/packages/arduino/tools/arm-none-eabi-gcc/4.8.3-2014q1/bin/../lib/gcc/arm-none-eabi/4.8.3/../../../../arm-none-eabi/lib/armv6-m\libm.a(lib_a-w_asin.o) (__fdlib_version)
c:/users/asus/appdata/local/arduino15/packages/arduino/tools/arm-none-eabi-gcc/4.8.3-2014q1/bin/../lib/gcc/arm-none-eabi/4.8.3/../../../../arm-none-eabi/lib/armv6-m\libm.a(lib_a-s_matherr.o)
                              c:/users/asus/appdata/local/arduino15/packages/arduino/tools/arm-none-eabi-gcc/4.8.3-2014q1/bin/../lib/gcc/arm-none-eabi/4.8.3/../../../../arm-none-eabi/lib/armv6-m\libm.a(lib_a-w_asin.o) (matherr)
c:/users/asus/appdata/local/arduino15/packages/arduino/tools/arm-none-eabi-gcc/4.8.3-2014q1/bin/../lib/gcc/arm-none-eabi/4.8.3/../../../../arm-none-eabi/lib/armv6-m\libm.a(lib_a-s_nan.o)
                              c:/users/asus/appdata/local/arduino15/packages/arduino/tools/arm-none-eabi-gcc/4.8.3-2014q1/bin/../lib/gcc/arm-none-eabi/4.8.3/../../../../arm-none-eabi/lib/armv6-m\libm.a(lib_a-w_asin.o) (nan)
C:\Users\Asus\AppData\Local\Temp\arduino\sketches\4D1EEAFB6D70000CC430953D4A4E66C7/..\..\cores\SparkFun_samd_samd21_9dof_ef128ea404fa55e1bc02aa0e8aaa1558\core.a(Print.cpp.o)
[...]
Memory Configuration

Name             Origin             Length             Attributes
FLASH            0x00002000         0x0003e000         xr
RAM              0x20000000         0x00008000         xrw
*default*        0x00000000         0xffffffff

Linker script and memory map

LOAD c:/users/asus/appdata/local/arduino15/packages/arduino/tools/arm-none-eabi-gcc/4.8.3-2014q1/bin/../lib/gcc/arm-none-eabi/4.8.3/armv6-m/crti.o
LOAD c:/users/asus/appdata/local/arduino15/packages/arduino/tools/arm-none-eabi-gcc/4.8.3-2014q1/bin/../lib/gcc/arm-none-eabi/4.8.3/armv6-m/crtbegin.o
LOAD c:/users/asus/appdata/local/arduino15/packages/arduino/tools/arm-none-eabi-gcc/4.8.3-2014q1/bin/../lib/gcc/arm-none-eabi/4.8.3/../../../../arm-none-eabi/lib/armv6-m/crt0.o
LOAD C:\Users\Asus\AppData\Local\Temp\arduino\sketches\4D1EEAFB6D70000CC430953D4A4E66C7\sketch\gyroCode.ino.cpp.o
LOAD C:\Users\Asus\AppData\Local\Temp\arduino\sketches\4D1EEAFB6D70000CC430953D4A4E66C7\libraries\SparkFun_MPU-9250_Digital_Motion_Processing__DMP__Arduino_Librar\SparkFunMPU9250-DMP.cpp.o
LOAD C:\Users\Asus\AppData\Local\Temp\arduino\sketches\4D1EEAFB6D70000CC430953D4A4E66C7\libraries\SparkFun_MPU-9250_Digital_Motion_Processing__DMP__Arduino_Librar\util\arduino_mpu9250_clk.c.o
LOAD C:\Users\Asus\AppData\Local\Temp\arduino\sketches\4D1EEAFB6D70000CC430953D4A4E66C7\libraries\SparkFun_MPU-9250_Digital_Motion_Processing__DMP__Arduino_Librar\util\arduino_mpu9250_i2c.cpp.o
LOAD C:\Users\Asus\AppData\Local\Temp\arduino\sketches\4D1EEAFB6D70000CC430953D4A4E66C7\libraries\SparkFun_MPU-9250_Digital_Motion_Processing__DMP__Arduino_Librar\util\arduino_mpu9250_log.cpp.o
LOAD C:\Users\Asus\AppData\Local\Temp\arduino\sketches\4D1EEAFB6D70000CC430953D4A4E66C7\libraries\SparkFun_MPU-9250_Digital_Motion_Processing__DMP__Arduino_Librar\util\inv_mpu.c.o
LOAD C:\Users\Asus\AppData\Local\Temp\arduino\sketches\4D1EEAFB6D70000CC430953D4A4E66C7\libraries\SparkFun_MPU-9250_Digital_Motion_Processing__DMP__Arduino_Librar\util\inv_mpu_dmp_motion_driver.c.o
LOAD C:\Users\Asus\AppData\Local\Temp\arduino\sketches\4D1EEAFB6D70000CC430953D4A4E66C7\libraries\Wire\Wire.cpp.o
LOAD C:\Users\Asus\AppData\Local\Temp\arduino\sketches\4D1EEAFB6D70000CC430953D4A4E66C7\core\variant.cpp.o
START GROUP
LOAD C:\Users\Asus\AppData\Local\Arduino15\packages\arduino\tools\CMSIS\4.5.0/CMSIS/Lib/GCC/\libarm_cortexM0l_math.a
LOAD c:/users/asus/appdata/local/arduino15/packages/arduino/tools/arm-none-eabi-gcc/4.8.3-2014q1/bin/../lib/gcc/arm-none-eabi/4.8.3/../../../../arm-none-eabi/lib/armv6-m\libm.a
LOAD C:\Users\Asus\AppData\Local\Temp\arduino\sketches\4D1EEAFB6D70000CC430953D4A4E66C7/..\..\cores\SparkFun_samd_samd21_9dof_ef128ea404fa55e1bc02aa0e8aaa1558\core.a
END GROUP
START GROUP
LOAD c:/users/asus/appdata/local/arduino15/packages/arduino/tools/arm-none-eabi-gcc/4.8.3-2014q1/bin/../lib/gcc/arm-none-eabi/4.8.3/armv6-m\libgcc.a
LOAD c:/users/asus/appdata/local/arduino15/packages/arduino/tools/arm-none-eabi-gcc/4.8.3-2014q1/bin/../lib/gcc/arm-none-eabi/4.8.3/../../../../arm-none-eabi/lib/armv6-m\libc_s.a
END GROUP
START GROUP
LOAD c:/users/asus/appdata/local/arduino15/packages/arduino/tools/arm-none-eabi-gcc/4.8.3-2014q1/bin/../lib/gcc/arm-none-eabi/4.8.3/armv6-m\libgcc.a
LOAD c:/users/asus/appdata/local/arduino15/packages/arduino/tools/arm-none-eabi-gcc/4.8.3-2014q1/bin/../lib/gcc/arm-none-eabi/4.8.3/../../../../arm-none-eabi/lib/armv6-m\libc_s.a
LOAD c:/users/asus/appdata/local/arduino15/packages/arduino/tools/arm-none-eabi-gcc/4.8.3-2014q1/bin/../lib/gcc/arm-none-eabi/4.8.3/../../../../arm-none-eabi/lib/armv6-m\libnosys.a
END GROUP
START GROUP
LOAD c:/users/asus/appdata/local/arduino15/packages/arduino/tools/arm-none-eabi-gcc/4.8.3-2014q1/bin/../lib/gcc/arm-none-eabi/4.8.3/armv6-m\libgcc.a
LOAD c:/users/asus/appdata/local/arduino15/packages/arduino/tools/arm-none-eabi-gcc/4.8.3-2014q1/bin/../lib/gcc/arm-none-eabi/4.8.3/../../../../arm-none-eabi/lib/armv6-m\libc_s.a
LOAD c:/users/asus/appdata/local/arduino15/packages/arduino/tools/arm-none-eabi-gcc/4.8.3-2014q1/bin/../lib/gcc/arm-none-eabi/4.8.3/../../../../arm-none-eabi/lib/armv6-m\libnosys.a
END GROUP
LOAD c:/users/asus/appdata/local/arduino15/packages/arduino/tools/arm-none-eabi-gcc/4.8.3-2014q1/bin/../lib/gcc/arm-none-eabi/4.8.3/armv6-m/crtend.o
LOAD c:/users/asus/appdata/local/arduino15/packages/arduino/tools/arm-none-eabi-gcc/4.8.3-2014q1/bin/../lib/gcc/arm-none-eabi/4.8.3/armv6-m/crtn.o

.text           0x00002000     0x9190
 *(.isr_vector)
 .isr_vector    0x00002000       0xb4 C:\Users\Asus\AppData\Local\Temp\arduino\sketches\4D1EEAFB6D70000CC430953D4A4E66C7/..\..\cores\SparkFun_samd_samd21_9dof_ef128ea404fa55e1bc02aa0e8aaa1558\core.a(cortex_handlers.c.o)
                0x00002000                exception_table
 *(.text*)
 .text          0x000020b4       0x60 c:/users/asus/appdata/local/arduino15/packages/arduino/tools/arm-none-eabi-gcc/4.8.3-2014q1/bin/../lib/gcc/arm-none-eabi/4.8.3/armv6-m/crtbegin.o
 .text.setup    0x00002114       0x64 C:\Users\Asus\AppData\Local\Temp\arduino\sketches\4D1EEAFB6D70000CC430953D4A4E66C7\sketch\gyroCode.ino.cpp.o
                0x00002114                setup
 .text.loop     0x00002178       0x54 C:\Users\Asus\AppData\Local\Temp\arduino\sketches\4D1EEAFB6D70000CC430953D4A4E66C7\sketch\gyroCode.ino.cpp.o
                0x00002178                loop
 .text.startup._GLOBAL__sub_I_imu
                0x000021cc       0x10 C:\Users\Asus\AppData\Local\Temp\arduino\sketches\4D1EEAFB6D70000CC430953D4A4E66C7\sketch\gyroCode.ino.cpp.o
 .text._ZN11MPU9250_DMPC2Ev
                0x000021dc       0x18 C:\Users\Asus\AppData\Local\Temp\arduino\sketches\4D1EEAFB6D70000CC430953D4A4E66C7\libraries\SparkFun_MPU-9250_Digital_Motion_Processing__DMP__Arduino_Librar\SparkFunMPU9250-DMP.cpp.o
                0x000021dc                MPU9250_DMP::MPU9250_DMP()
                0x000021dc                MPU9250_DMP::MPU9250_DMP()
 .text._ZN11MPU9250_DMP11getGyroSensEv
                0x000021f4       0x14 C:\Users\Asus\AppData\Local\Temp\arduino\sketches\4D1EEAFB6D70000CC430953D4A4E66C7\libraries\SparkFun_MPU-9250_Digital_Motion_Processing__DMP__Arduino_Librar\SparkFunMPU9250-DMP.cpp.o
                0x000021f4                MPU9250_DMP::getGyroSens()
 .text._ZN11MPU9250_DMP12getAccelSensEv
                0x00002208       0x18 C:\Users\Asus\AppData\Local\Temp\arduino\sketches\4D1EEAFB6D70000CC430953D4A4E66C7\libraries\SparkFun_MPU-9250_Digital_Motion_Processing__DMP__Arduino_Librar\SparkFunMPU9250-DMP.cpp.o
                0x00002208                MPU9250_DMP::getAccelSens()
 .text._ZN11MPU9250_DMP5beginEv
                0x00002220       0x3c C:\Users\Asus\AppData\Local\Temp\arduino\sketches\4D1EEAFB6D70000CC430953D4A4E66C7\libraries\SparkFun_MPU-9250_Digital_Motion_Processing__DMP__Arduino_Librar\SparkFunMPU9250-DMP.cpp.o
                0x00002220                MPU9250_DMP::begin()
 .text._ZN11MPU9250_DMP13fifoAvailableEv
                0x0000225c       0x30 C:\Users\Asus\AppData\Local\Temp\arduino\sketches\4D1EEAFB6D70000CC430953D4A4E66C7\libraries\SparkFun_MPU-9250_Digital_Motion_Processing__DMP__Arduino_Librar\SparkFunMPU9250-DMP.cpp.o
                0x0000225c                MPU9250_DMP::fifoAvailable()
 .text._ZN11MPU9250_DMP14dmpSetFifoRateEt
                0x0000228c       0x12 C:\Users\Asus\AppData\Local\Temp\arduino\sketches\4D1EEAFB6D70000CC430953D4A4E66C7\libraries\SparkFun_MPU-9250_Digital_Motion_Processing__DMP__Arduino_Librar\SparkFunMPU9250-DMP.cpp.o
                0x0000228c                MPU9250_DMP::dmpSetFifoRate(unsigned short)
 .text._ZN11MPU9250_DMP8dmpBeginEtt
                0x0000229e       0x68 C:\Users\Asus\AppData\Local\Temp\arduino\sketches\4D1EEAFB6D70000CC430953D4A4E66C7\libraries\SparkFun_MPU-9250_Digital_Motion_Processing__DMP__Arduino_Librar\SparkFunMPU9250-DMP.cpp.o
                0x0000229e                MPU9250_DMP::dmpBegin(unsigned short, unsigned short)
 .text._ZN11MPU9250_DMP13dmpUpdateFifoEv
                0x00002306       0x7c C:\Users\Asus\AppData\Local\Temp\arduino\sketches\4D1EEAFB6D70000CC430953D4A4E66C7\libraries\SparkFun_MPU-9250_Digital_Motion_Processing__DMP__Arduino_Librar\SparkFunMPU9250-DMP.cpp.o
                0x00002306                MPU9250_DMP::dmpUpdateFifo()
 .text._ZN11MPU9250_DMP8qToFloatElh
                0x00002382       0x48 C:\Users\Asus\AppData\Local\Temp\arduino\sketches\4D1EEAFB6D70000CC430953D4A4E66C7\libraries\SparkFun_MPU-9250_Digital_Motion_Processing__DMP__Arduino_Librar\SparkFunMPU9250-DMP.cpp.o
                0x00002382                MPU9250_DMP::qToFloat(long, unsigned char)
 *fill*         0x000023ca        0x6 
 .text._ZN11MPU9250_DMP18computeEulerAnglesEb
                0x000023d0      0x208 C:\Users\Asus\AppData\Local\Temp\arduino\sketches\4D1EEAFB6D70000CC430953D4A4E66C7\libraries\SparkFun_MPU-9250_Digital_Motion_Processing__DMP__Arduino_Librar\SparkFunMPU9250-DMP.cpp.o
                0x000023d0                MPU9250_DMP::computeEulerAngles(bool)
 .text.arduino_get_clock_ms
                0x000025d8        0xe C:\Users\Asus\AppData\Local\Temp\arduino\sketches\4D1EEAFB6D70000CC430953D4A4E66C7\libraries\SparkFun_MPU-9250_Digital_Motion_Processing__DMP__Arduino_Librar\util\arduino_mpu9250_clk.c.o
                0x000025d8                arduino_get_clock_ms
 .text.arduino_delay_ms
                0x000025e6        0xa C:\Users\Asus\AppData\Local\Temp\arduino\sketches\4D1EEAFB6D70000CC430953D4A4E66C7\libraries\SparkFun_MPU-9250_Digital_Motion_Processing__DMP__Arduino_Librar\util\arduino_mpu9250_clk.c.o
                0x000025e6                arduino_delay_ms
 .text.arduino_i2c_write
                0x000025f0       0x44 C:\Users\Asus\AppData\Local\Temp\arduino\sketches\4D1EEAFB6D70000CC430953D4A4E66C7\libraries\SparkFun_MPU-9250_Digital_Motion_Processing__DMP__Arduino_Librar\util\arduino_mpu9250_i2c.cpp.o
                0x000025f0                arduino_i2c_write
 .text.arduino_i2c_read
                0x00002634       0x4c C:\Users\Asus\AppData\Local\Temp\arduino\sketches\4D1EEAFB6D70000CC430953D4A4E66C7\libraries\SparkFun_MPU-9250_Digital_Motion_Processing__DMP__Arduino_Librar\util\arduino_mpu9250_i2c.cpp.o
                0x00002634                arduino_i2c_read
 .text._MLPrintLog
                0x00002680        0x6 C:\Users\Asus\AppData\Local\Temp\arduino\sketches\4D1EEAFB6D70000CC430953D4A4E66C7\libraries\SparkFun_MPU-9250_Digital_Motion_Processing__DMP__Arduino_Librar\util\arduino_mpu9250_log.cpp.o
                0x00002680                _MLPrintLog
 *fill*         0x00002686        0x2 
 .text.set_int_enable
                0x00002688       0x6c C:\Users\Asus\AppData\Local\Temp\arduino\sketches\4D1EEAFB6D70000CC430953D4A4E66C7\libraries\SparkFun_MPU-9250_Digital_Motion_Processing__DMP__Arduino_Librar\util\inv_mpu.c.o
                0x00002688                set_int_enable
 .text.mpu_read_reg
                0x000026f4       0x34 C:\Users\Asus\AppData\Local\Temp\arduino\sketches\4D1EEAFB6D70000CC430953D4A4E66C7\libraries\SparkFun_MPU-9250_Digital_Motion_Processing__DMP__Arduino_Librar\util\inv_mpu.c.o
                0x000026f4                mpu_read_reg
 .text.mpu_reset_fifo
                0x00002728      0x14c C:\Users\Asus\AppData\Local\Temp\arduino\sketches\4D1EEAFB6D70000CC430953D4A4E66C7\libraries\SparkFun_MPU-9250_Digital_Motion_Processing__DMP__Arduino_Librar\util\inv_mpu.c.o
                0x00002728                mpu_reset_fifo
 .text.mpu_set_gyro_fsr
                0x00002874       0x70 C:\Users\Asus\AppData\Local\Temp\arduino\sketches\4D1EEAFB6D70000CC430953D4A4E66C7\libraries\SparkFun_MPU-9250_Digital_Motion_Processing__DMP__Arduino_Librar\util\inv_mpu.c.o
                0x00002874                mpu_set_gyro_fsr
 .text.mpu_get_accel_fsr
                0x000028e4       0x40 C:\Users\Asus\AppData\Local\Temp\arduino\sketches\4D1EEAFB6D70000CC430953D4A4E66C7\libraries\SparkFun_MPU-9250_Digital_Motion_Processing__DMP__Arduino_Librar\util\inv_mpu.c.o
                0x000028e4                mpu_get_accel_fsr
 .text.mpu_set_accel_fsr
                0x00002924       0x64 C:\Users\Asus\AppData\Local\Temp\arduino\sketches\4D1EEAFB6D70000CC430953D4A4E66C7\libraries\SparkFun_MPU-9250_Digital_Motion_Processing__DMP__Arduino_Librar\util\inv_mpu.c.o
                0x00002924                mpu_set_accel_fsr
 .text.mpu_set_lpf
                0x00002988       0x60 C:\Users\Asus\AppData\Local\Temp\arduino\sketches\4D1EEAFB6D70000CC430953D4A4E66C7\libraries\SparkFun_MPU-9250_Digital_Motion_Processing__DMP__Arduino_Librar\util\inv_mpu.c.o
                0x00002988                mpu_set_lpf
 .text.mpu_set_compass_sample_rate
                0x000029e8       0x50 C:\Users\Asus\AppData\Local\Temp\arduino\sketches\4D1EEAFB6D70000CC430953D4A4E66C7\libraries\SparkFun_MPU-9250_Digital_Motion_Processing__DMP__Arduino_Librar\util\inv_mpu.c.o
                0x000029e8                mpu_set_compass_sample_rate
 .text.mpu_get_gyro_sens
                0x00002a38       0x44 C:\Users\Asus\AppData\Local\Temp\arduino\sketches\4D1EEAFB6D70000CC430953D4A4E66C7\libraries\SparkFun_MPU-9250_Digital_Motion_Processing__DMP__Arduino_Librar\util\inv_mpu.c.o
                0x00002a38                mpu_get_gyro_sens
 .text.mpu_get_accel_sens
                0x00002a7c       0x40 C:\Users\Asus\AppData\Local\Temp\arduino\sketches\4D1EEAFB6D70000CC430953D4A4E66C7\libraries\SparkFun_MPU-9250_Digital_Motion_Processing__DMP__Arduino_Librar\util\inv_mpu.c.o
                0x00002a7c                mpu_get_accel_sens
 .text.mpu_configure_fifo
                0x00002abc       0x5c C:\Users\Asus\AppData\Local\Temp\arduino\sketches\4D1EEAFB6D70000CC430953D4A4E66C7\libraries\SparkFun_MPU-9250_Digital_Motion_Processing__DMP__Arduino_Librar\util\inv_mpu.c.o
                0x00002abc                mpu_configure_fifo
 .text.mpu_read_fifo_stream
                0x00002b18       0xa4 C:\Users\Asus\AppData\Local\Temp\arduino\sketches\4D1EEAFB6D70000CC430953D4A4E66C7\libraries\SparkFun_MPU-9250_Digital_Motion_Processing__DMP__Arduino_Librar\util\inv_mpu.c.o
                0x00002b18                mpu_read_fifo_stream
 .text.mpu_set_bypass
                0x00002bbc       0xd0 C:\Users\Asus\AppData\Local\Temp\arduino\sketches\4D1EEAFB6D70000CC430953D4A4E66C7\libraries\SparkFun_MPU-9250_Digital_Motion_Processing__DMP__Arduino_Librar\util\inv_mpu.c.o
                0x00002bbc                mpu_set_bypass
 .text.mpu_set_int_latched
                0x00002c8c       0x64 C:\Users\Asus\AppData\Local\Temp\arduino\sketches\4D1EEAFB6D70000CC430953D4A4E66C7\libraries\SparkFun_MPU-9250_Digital_Motion_Processing__DMP__Arduino_Librar\util\inv_mpu.c.o
                0x00002c8c                mpu_set_int_latched
 .text.mpu_lp_accel_mode
                0x00002cf0       0xa4 C:\Users\Asus\AppData\Local\Temp\arduino\sketches\4D1EEAFB6D70000CC430953D4A4E66C7\libraries\SparkFun_MPU-9250_Digital_Motion_Processing__DMP__Arduino_Librar\util\inv_mpu.c.o
                0x00002cf0                mpu_lp_accel_mode
 .text.mpu_set_sample_rate
                0x00002d94       0x9c C:\Users\Asus\AppData\Local\Temp\arduino\sketches\4D1EEAFB6D70000CC430953D4A4E66C7\libraries\SparkFun_MPU-9250_Digital_Motion_Processing__DMP__Arduino_Librar\util\inv_mpu.c.o
                0x00002d94                mpu_set_sample_rate
 .text.mpu_set_sensors
                0x00002e30      0x124 C:\Users\Asus\AppData\Local\Temp\arduino\sketches\4D1EEAFB6D70000CC430953D4A4E66C7\libraries\SparkFun_MPU-9250_Digital_Motion_Processing__DMP__Arduino_Librar\util\inv_mpu.c.o
                0x00002e30                mpu_set_sensors
 .text.mpu_init
                0x00002f54      0x288 C:\Users\Asus\AppData\Local\Temp\arduino\sketches\4D1EEAFB6D70000CC430953D4A4E66C7\libraries\SparkFun_MPU-9250_Digital_Motion_Processing__DMP__Arduino_Librar\util\inv_mpu.c.o
                0x00002f54                mpu_init
 .text.mpu_write_mem
                0x000031dc       0x58 C:\Users\Asus\AppData\Local\Temp\arduino\sketches\4D1EEAFB6D70000CC430953D4A4E66C7\libraries\SparkFun_MPU-9250_Digital_Motion_Processing__DMP__Arduino_Librar\util\inv_mpu.c.o
                0x000031dc                mpu_write_mem
 .text.mpu_read_mem
                0x00003234       0x58 C:\Users\Asus\AppData\Local\Temp\arduino\sketches\4D1EEAFB6D70000CC430953D4A4E66C7\libraries\SparkFun_MPU-9250_Digital_Motion_Processing__DMP__Arduino_Librar\util\inv_mpu.c.o
                0x00003234                mpu_read_mem
 .text.mpu_load_firmware
                0x0000328c       0x9c C:\Users\Asus\AppData\Local\Temp\arduino\sketches\4D1EEAFB6D70000CC430953D4A4E66C7\libraries\SparkFun_MPU-9250_Digital_Motion_Processing__DMP__Arduino_Librar\util\inv_mpu.c.o
                0x0000328c                mpu_load_firmware
 .text.mpu_set_dmp_state
                0x00003328       0x78 C:\Users\Asus\AppData\Local\Temp\arduino\sketches\4D1EEAFB6D70000CC430953D4A4E66C7\libraries\SparkFun_MPU-9250_Digital_Motion_Processing__DMP__Arduino_Librar\util\inv_mpu.c.o
                0x00003328                mpu_set_dmp_state
 .text.dmp_enable_gyro_cal.part.0
                0x000033a0       0x24 C:\Users\Asus\AppData\Local\Temp\arduino\sketches\4D1EEAFB6D70000CC430953D4A4E66C7\libraries\SparkFun_MPU-9250_Digital_Motion_Processing__DMP__Arduino_Librar\util\inv_mpu_dmp_motion_driver.c.o
 .text.dmp_load_motion_driver_firmware
                0x000033c4       0x1c C:\Users\Asus\AppData\Local\Temp\arduino\sketches\4D1EEAFB6D70000CC430953D4A4E66C7\libraries\SparkFun_MPU-9250_Digital_Motion_Processing__DMP__Arduino_Librar\util\inv_mpu_dmp_motion_driver.c.o
                0x000033c4                dmp_load_motion_driver_firmware
 .text.dmp_set_fifo_rate
                0x000033e0       0x64 C:\Users\Asus\AppData\Local\Temp\arduino\sketches\4D1EEAFB6D70000CC430953D4A4E66C7\libraries\SparkFun_MPU-9250_Digital_Motion_Processing__DMP__Arduino_Librar\util\inv_mpu_dmp_motion_driver.c.o
                0x000033e0                dmp_set_fifo_rate
 .text.dmp_set_tap_thresh
                0x00003444      0x148 C:\Users\Asus\AppData\Local\Temp\arduino\sketches\4D1EEAFB6D70000CC430953D4A4E66C7\libraries\SparkFun_MPU-9250_Digital_Motion_Processing__DMP__Arduino_Librar\util\inv_mpu_dmp_motion_driver.c.o
                0x00003444                dmp_set_tap_thresh
 .text.dmp_set_tap_axes
                0x0000358c       0x36 C:\Users\Asus\AppData\Local\Temp\arduino\sketches\4D1EEAFB6D70000CC430953D4A4E66C7\libraries\SparkFun_MPU-9250_Digital_Motion_Processing__DMP__Arduino_Librar\util\inv_mpu_dmp_motion_driver.c.o
                0x0000358c                dmp_set_tap_axes
 .text.dmp_set_tap_count
                0x000035c2       0x26 C:\Users\Asus\AppData\Local\Temp\arduino\sketches\4D1EEAFB6D70000CC430953D4A4E66C7\libraries\SparkFun_MPU-9250_Digital_Motion_Processing__DMP__Arduino_Librar\util\inv_mpu_dmp_motion_driver.c.o
                0x000035c2                dmp_set_tap_count
 .text.dmp_set_tap_time
                0x000035e8       0x1e C:\Users\Asus\AppData\Local\Temp\arduino\sketches\4D1EEAFB6D70000CC430953D4A4E66C7\libraries\SparkFun_MPU-9250_Digital_Motion_Processing__DMP__Arduino_Librar\util\inv_mpu_dmp_motion_driver.c.o
                0x000035e8                dmp_set_tap_time
 .text.dmp_set_tap_time_multi
                0x00003606       0x1e C:\Users\Asus\AppData\Local\Temp\arduino\sketches\4D1EEAFB6D70000CC430953D4A4E66C7\libraries\SparkFun_MPU-9250_Digital_Motion_Processing__DMP__Arduino_Librar\util\inv_mpu_dmp_motion_driver.c.o
                0x00003606                dmp_set_tap_time_multi
 .text.dmp_set_shake_reject_thresh
                0x00003624       0x2c C:\Users\Asus\AppData\Local\Temp\arduino\sketches\4D1EEAFB6D70000CC430953D4A4E66C7\libraries\SparkFun_MPU-9250_Digital_Motion_Processing__DMP__Arduino_Librar\util\inv_mpu_dmp_motion_driver.c.o
                0x00003624                dmp_set_shake_reject_thresh
 .text.dmp_set_shake_reject_time
                0x00003650       0x1e C:\Users\Asus\AppData\Local\Temp\arduino\sketches\4D1EEAFB6D70000CC430953D4A4E66C7\libraries\SparkFun_MPU-9250_Digital_Motion_Processing__DMP__Arduino_Librar\util\inv_mpu_dmp_motion_driver.c.o
                0x00003650                dmp_set_shake_reject_time
 .text.dmp_set_shake_reject_timeout
                0x0000366e       0x1e C:\Users\Asus\AppData\Local\Temp\arduino\sketches\4D1EEAFB6D70000CC430953D4A4E66C7\libraries\SparkFun_MPU-9250_Digital_Motion_Processing__DMP__Arduino_Librar\util\inv_mpu_dmp_motion_driver.c.o
                0x0000366e                dmp_set_shake_reject_timeout
 .text.dmp_enable_gyro_cal
                0x0000368c       0x2c C:\Users\Asus\AppData\Local\Temp\arduino\sketches\4D1EEAFB6D70000CC430953D4A4E66C7\libraries\SparkFun_MPU-9250_Digital_Motion_Processing__DMP__Arduino_Librar\util\inv_mpu_dmp_motion_driver.c.o
                0x0000368c                dmp_enable_gyro_cal
 .text.dmp_enable_lp_quat
                0x000036b8       0x34 C:\Users\Asus\AppData\Local\Temp\arduino\sketches\4D1EEAFB6D70000CC430953D4A4E66C7\libraries\SparkFun_MPU-9250_Digital_Motion_Processing__DMP__Arduino_Librar\util\inv_mpu_dmp_motion_driver.c.o
                0x000036b8                dmp_enable_lp_quat
 .text.dmp_enable_6x_lp_quat
                0x000036ec       0x34 C:\Users\Asus\AppData\Local\Temp\arduino\sketches\4D1EEAFB6D70000CC430953D4A4E66C7\libraries\SparkFun_MPU-9250_Digital_Motion_Processing__DMP__Arduino_Librar\util\inv_mpu_dmp_motion_driver.c.o
                0x000036ec                dmp_enable_6x_lp_quat
 .text.dmp_enable_feature
                0x00003720      0x1b4 C:\Users\Asus\AppData\Local\Temp\arduino\sketches\4D1EEAFB6D70000CC430953D4A4E66C7\libraries\SparkFun_MPU-9250_Digital_Motion_Processing__DMP__Arduino_Librar\util\inv_mpu_dmp_motion_driver.c.o
                0x00003720                dmp_enable_feature
 .text.dmp_read_fifo
                0x000038d4      0x198 C:\Users\Asus\AppData\Local\Temp\arduino\sketches\4D1EEAFB6D70000CC430953D4A4E66C7\libraries\SparkFun_MPU-9250_Digital_Motion_Processing__DMP__Arduino_Librar\util\inv_mpu_dmp_motion_driver.c.o
                0x000038d4                dmp_read_fifo
 .text._ZN5Print17availableForWriteEv
                0x00003a6c        0x4 C:\Users\Asus\AppData\Local\Temp\arduino\sketches\4D1EEAFB6D70000CC430953D4A4E66C7\libraries\Wire\Wire.cpp.o
                0x00003a6c                Print::availableForWrite()
 .text._ZN7TwoWire5writeEPKhj
                0x00003a70       0x24 C:\Users\Asus\AppData\Local\Temp\arduino\sketches\4D1EEAFB6D70000CC430953D4A4E66C7\libraries\Wire\Wire.cpp.o
                0x00003a70                TwoWire::write(unsigned char const*, unsigned int)
 .text._ZN7TwoWire5flushEv
                0x00003a94        0x2 C:\Users\Asus\AppData\Local\Temp\arduino\sketches\4D1EEAFB6D70000CC430953D4A4E66C7\libraries\Wire\Wire.cpp.o
                0x00003a94                TwoWire::flush()
 .text._ZN7TwoWire4peekEv
                0x00003a96       0x1a C:\Users\Asus\AppData\Local\Temp\arduino\sketches\4D1EEAFB6D70000CC430953D4A4E66C7\libraries\Wire\Wire.cpp.o
                0x00003a96                TwoWire::peek()
 .text._ZN7TwoWire9availableEv
                0x00003ab0       0x12 C:\Users\Asus\AppData\Local\Temp\arduino\sketches\4D1EEAFB6D70000CC430953D4A4E66C7\libraries\Wire\Wire.cpp.o
                0x00003ab0                TwoWire::available()
 *fill*         0x00003ac2        0x2 
 .text._ZN7TwoWireC2EP6SERCOMhh
                0x00003ac4       0x5c C:\Users\Asus\AppData\Local\Temp\arduino\sketches\4D1EEAFB6D70000CC430953D4A4E66C7\libraries\Wire\Wire.cpp.o
                0x00003ac4                TwoWire::TwoWire(SERCOM*, unsigned char, unsigned char)
                0x00003ac4                TwoWire::TwoWire(SERCOM*, unsigned char, unsigned char)
 .text._ZN7TwoWire5beginEv
                0x00003b20       0x40 C:\Users\Asus\AppData\Local\Temp\arduino\sketches\4D1EEAFB6D70000CC430953D4A4E66C7\libraries\Wire\Wire.cpp.o
                0x00003b20                TwoWire::begin()
 .text._ZN7TwoWire17beginTransmissionEh
                0x00003b60       0x18 C:\Users\Asus\AppData\Local\Temp\arduino\sketches\4D1EEAFB6D70000CC430953D4A4E66C7\libraries\Wire\Wire.cpp.o
                0x00003b60                TwoWire::beginTransmission(unsigned char)
 .text._ZN11RingBufferNILi256EE10store_charEh
                0x00003b78       0x1a C:\Users\Asus\AppData\Local\Temp\arduino\sketches\4D1EEAFB6D70000CC430953D4A4E66C7\libraries\Wire\Wire.cpp.o
                0x00003b78                RingBufferN<256>::store_char(unsigned char)
 .text._ZN7TwoWire11requestFromEhjb
                0x00003b92       0x76 C:\Users\Asus\AppData\Local\Temp\arduino\sketches\4D1EEAFB6D70000CC430953D4A4E66C7\libraries\Wire\Wire.cpp.o
                0x00003b92                TwoWire::requestFrom(unsigned char, unsigned int, bool)
 .text._ZN7TwoWire11requestFromEhj
                0x00003c08        0xa C:\Users\Asus\AppData\Local\Temp\arduino\sketches\4D1EEAFB6D70000CC430953D4A4E66C7\libraries\Wire\Wire.cpp.o
                0x00003c08                TwoWire::requestFrom(unsigned char, unsigned int)
 .text._ZN7TwoWire5writeEh
                0x00003c12       0x2a C:\Users\Asus\AppData\Local\Temp\arduino\sketches\4D1EEAFB6D70000CC430953D4A4E66C7\libraries\Wire\Wire.cpp.o
                0x00003c12                TwoWire::write(unsigned char)
 .text._ZN11RingBufferNILi256EE9read_charEv
                0x00003c3c       0x20 C:\Users\Asus\AppData\Local\Temp\arduino\sketches\4D1EEAFB6D70000CC430953D4A4E66C7\libraries\Wire\Wire.cpp.o
                0x00003c3c                RingBufferN<256>::read_char()
 .text._ZN7TwoWire15endTransmissionEb
                0x00003c5c       0x72 C:\Users\Asus\AppData\Local\Temp\arduino\sketches\4D1EEAFB6D70000CC430953D4A4E66C7\libraries\Wire\Wire.cpp.o
                0x00003c5c                TwoWire::endTransmission(bool)
 .text._ZN7TwoWire15endTransmissionEv
                0x00003cce        0xa C:\Users\Asus\AppData\Local\Temp\arduino\sketches\4D1EEAFB6D70000CC430953D4A4E66C7\libraries\Wire\Wire.cpp.o
                0x00003cce                TwoWire::endTransmission()
 .text._ZN7TwoWire4readEv
                0x00003cd8        0xa C:\Users\Asus\AppData\Local\Temp\arduino\sketches\4D1EEAFB6D70000CC430953D4A4E66C7\libraries\Wire\Wire.cpp.o
                0x00003cd8                TwoWire::read()
 .text._ZN7TwoWire9onServiceEv
                0x00003ce2      0x11c C:\Users\Asus\AppData\Local\Temp\arduino\sketches\4D1EEAFB6D70000CC430953D4A4E66C7\libraries\Wire\Wire.cpp.o
                0x00003ce2                TwoWire::onService()
 *fill*         0x00003dfe        0x2 
 .text.SERCOM3_Handler
                0x00003e00       0x10 C:\Users\Asus\AppData\Local\Temp\arduino\sketches\4D1EEAFB6D70000CC430953D4A4E66C7\libraries\Wire\Wire.cpp.o
                0x00003e00                SERCOM3_Handler
 .text.startup._GLOBAL__sub_I__ZN7TwoWireC2EP6SERCOMhh
                0x00003e10       0x18 C:\Users\Asus\AppData\Local\Temp\arduino\sketches\4D1EEAFB6D70000CC430953D4A4E66C7\libraries\Wire\Wire.cpp.o
 .text.SERCOM0_Handler
                0x00003e28       0x10 C:\Users\Asus\AppData\Local\Temp\arduino\sketches\4D1EEAFB6D70000CC430953D4A4E66C7\core\variant.cpp.o
                0x00003e28                SERCOM0_Handler
 .text.SERCOM5_Handler
                0x00003e38       0x10 C:\Users\Asus\AppData\Local\Temp\arduino\sketches\4D1EEAFB6D70000CC430953D4A4E66C7\core\variant.cpp.o
                0x00003e38                SERCOM5_Handler
 .text.startup._GLOBAL__sub_I_g_APinDescription
                0x00003e48       0x94 C:\Users\Asus\AppData\Local\Temp\arduino\sketches\4D1EEAFB6D70000CC430953D4A4E66C7\core\variant.cpp.o
 *fill*         0x00003edc        0x4 
 .text.asin     0x00003ee0       0xb8 c:/users/asus/appdata/local/arduino15/packages/arduino/tools/arm-none-eabi-gcc/4.8.3-2014q1/bin/../lib/gcc/arm-none-eabi/4.8.3/../../../../arm-none-eabi/lib/armv6-m\libm.a(lib_a-w_asin.o)
                0x00003ee0                asin
 .text.atan2    0x00003f98        0x8 c:/users/asus/appdata/local/arduino15/packages/arduino/tools/arm-none-eabi-gcc/4.8.3-2014q1/bin/../lib/gcc/arm-none-eabi/4.8.3/../../../../arm-none-eabi/lib/armv6-m\libm.a(lib_a-w_atan2.o)
                0x00003f98                atan2
 .text.__ieee754_asin
                0x00003fa0      0x448 c:/users/asus/appdata/local/arduino15/packages/arduino/tools/arm-none-eabi-gcc/4.8.3-2014q1/bin/../lib/gcc/arm-none-eabi/4.8.3/../../../../arm-none-eabi/lib/armv6-m\libm.a(lib_a-e_asin.o)
                0x00003fa0                __ieee754_asin
 .text.__ieee754_atan2
                0x000043e8      0x208 c:/users/asus/appdata/local/arduino15/packages/arduino/tools/arm-none-eabi-gcc/4.8.3-2014q1/bin/../lib/gcc/arm-none-eabi/4.8.3/../../../../arm-none-eabi/lib/armv6-m\libm.a(lib_a-e_atan2.o)
                0x000043e8                __ieee754_atan2
 .text.__ieee754_sqrt
                0x000045f0      0x1cc c:/users/asus/appdata/local/arduino15/packages/arduino/tools/arm-none-eabi-gcc/4.8.3-2014q1/bin/../lib/gcc/arm-none-eabi/4.8.3/../../../../arm-none-eabi/lib/armv6-m\libm.a(lib_a-e_sqrt.o)
                0x000045f0                __ieee754_sqrt
 *fill*         0x000047bc        0x4 
 .text.atan     0x000047c0      0x350 c:/users/asus/appdata/local/arduino15/packages/arduino/tools/arm-none-eabi-gcc/4.8.3-2014q1/bin/../lib/gcc/arm-none-eabi/4.8.3/../../../../arm-none-eabi/lib/armv6-m\libm.a(lib_a-s_atan.o)
                0x000047c0                atan
 .text.fabs     0x00004b10        0x8 c:/users/asus/appdata/local/arduino15/packages/arduino/tools/arm-none-eabi-gcc/4.8.3-2014q1/bin/../lib/gcc/arm-none-eabi/4.8.3/../../../../arm-none-eabi/lib/armv6-m\libm.a(lib_a-s_fabs.o)
                0x00004b10                fabs
 .text.__fpclassifyd
                0x00004b18       0x60 c:/users/asus/appdata/local/arduino15/packages/arduino/tools/arm-none-eabi-gcc/4.8.3-2014q1/bin/../lib/gcc/arm-none-eabi/4.8.3/../../../../arm-none-eabi/lib/armv6-m\libm.a(lib_a-s_fpclassify.o)
                0x00004b18                __fpclassifyd
 .text.matherr  0x00004b78        0x4 c:/users/asus/appdata/local/arduino15/packages/arduino/tools/arm-none-eabi-gcc/4.8.3-2014q1/bin/../lib/gcc/arm-none-eabi/4.8.3/../../../../arm-none-eabi/lib/armv6-m\libm.a(lib_a-s_matherr.o)
                0x00004b78                matherr
 *fill*         0x00004b7c        0x4 
 .text.nan      0x00004b80       0x10 c:/users/asus/appdata/local/arduino15/packages/arduino/tools/arm-none-eabi-gcc/4.8.3-2014q1/bin/../lib/gcc/arm-none-eabi/4.8.3/../../../../arm-none-eabi/lib/armv6-m\libm.a(lib_a-s_nan.o)
                0x00004b80                nan
 .text._ZN5Print5writeEPKhj
                0x00004b90       0x28 C:\Users\Asus\AppData\Local\Temp\arduino\sketches\4D1EEAFB6D70000CC430953D4A4E66C7/..\..\cores\SparkFun_samd_samd21_9dof_ef128ea404fa55e1bc02aa0e8aaa1558\core.a(Print.cpp.o)
                0x00004b90                Print::write(unsigned char const*, unsigned int)
 .text._ZN5Print5writeEPKc
                0x00004bb8       0x1c C:\Users\Asus\AppData\Local\Temp\arduino\sketches\4D1EEAFB6D70000CC430953D4A4E66C7/..\..\cores\SparkFun_samd_samd21_9dof_ef128ea404fa55e1bc02aa0e8aaa1558\core.a(Print.cpp.o)
                0x00004bb8                Print::write(char const*)
 .text._ZN5Print7printlnEv
                0x00004bd4       0x10 C:\Users\Asus\AppData\Local\Temp\arduino\sketches\4D1EEAFB6D70000CC430953D4A4E66C7/..\..\cores\SparkFun_samd_samd21_9dof_ef128ea404fa55e1bc02aa0e8aaa1558\core.a(Print.cpp.o)
                0x00004bd4                Print::println()
 .text._ZN5Print7printlnEPKc
                0x00004be4       0x14 C:\Users\Asus\AppData\Local\Temp\arduino\sketches\4D1EEAFB6D70000CC430953D4A4E66C7/..\..\cores\SparkFun_samd_samd21_9dof_ef128ea404fa55e1bc02aa0e8aaa1558\core.a(Print.cpp.o)
                0x00004be4                Print::println(char const*)
 .text._ZN6SERCOMC2EP6Sercom
                0x00004bf8        0x4 C:\Users\Asus\AppData\Local\Temp\arduino\sketches\4D1EEAFB6D70000CC430953D4A4E66C7/..\..\cores\SparkFun_samd_samd21_9dof_ef128ea404fa55e1bc02aa0e8aaa1558\core.a(SERCOM.cpp.o)
                0x00004bf8                SERCOM::SERCOM(Sercom*)
                0x00004bf8                SERCOM::SERCOM(Sercom*)
 .text._ZN6SERCOM9initFrameE18SercomUartCharSize15SercomDataOrder16SercomParityMode19SercomNumberStopBit
                0x00004bfc       0x38 C:\Users\Asus\AppData\Local\Temp\arduino\sketches\4D1EEAFB6D70000CC430953D4A4E66C7/..\..\cores\SparkFun_samd_samd21_9dof_ef128ea404fa55e1bc02aa0e8aaa1558\core.a(SERCOM.cpp.o)
                0x00004bfc                SERCOM::initFrame(SercomUartCharSize, SercomDataOrder, SercomParityMode, SercomNumberStopBit)
 .text._ZN6SERCOM8initPadsE15SercomUartTXPad11SercomRXPad
                0x00004c34       0x26 C:\Users\Asus\AppData\Local\Temp\arduino\sketches\4D1EEAFB6D70000CC430953D4A4E66C7/..\..\cores\SparkFun_samd_samd21_9dof_ef128ea404fa55e1bc02aa0e8aaa1558\core.a(SERCOM.cpp.o)
                0x00004c34                SERCOM::initPads(SercomUartTXPad, SercomRXPad)
 .text._ZN6SERCOM9resetUARTEv
                0x00004c5a       0x1c C:\Users\Asus\AppData\Local\Temp\arduino\sketches\4D1EEAFB6D70000CC430953D4A4E66C7/..\..\cores\SparkFun_samd_samd21_9dof_ef128ea404fa55e1bc02aa0e8aaa1558\core.a(SERCOM.cpp.o)
                0x00004c5a                SERCOM::resetUART()
 .text._ZN6SERCOM10enableUARTEv
                0x00004c76       0x14 C:\Users\Asus\AppData\Local\Temp\arduino\sketches\4D1EEAFB6D70000CC430953D4A4E66C7/..\..\cores\SparkFun_samd_samd21_9dof_ef128ea404fa55e1bc02aa0e8aaa1558\core.a(SERCOM.cpp.o)
                0x00004c76                SERCOM::enableUART()
 .text._ZN6SERCOM9flushUARTEv
                0x00004c8a       0x10 C:\Users\Asus\AppData\Local\Temp\arduino\sketches\4D1EEAFB6D70000CC430953D4A4E66C7/..\..\cores\SparkFun_samd_samd21_9dof_ef128ea404fa55e1bc02aa0e8aaa1558\core.a(SERCOM.cpp.o)
                0x00004c8a                SERCOM::flushUART()
 .text._ZN6SERCOM15clearStatusUARTEv
                0x00004c9a        0x8 C:\Users\Asus\AppData\Local\Temp\arduino\sketches\4D1EEAFB6D70000CC430953D4A4E66C7/..\..\cores\SparkFun_samd_samd21_9dof_ef128ea404fa55e1bc02aa0e8aaa1558\core.a(SERCOM.cpp.o)
                0x00004c9a                SERCOM::clearStatusUART()
 .text._ZN6SERCOM17availableDataUARTEv
                0x00004ca2        0xa C:\Users\Asus\AppData\Local\Temp\arduino\sketches\4D1EEAFB6D70000CC430953D4A4E66C7/..\..\cores\SparkFun_samd_samd21_9dof_ef128ea404fa55e1bc02aa0e8aaa1558\core.a(SERCOM.cpp.o)
                0x00004ca2                SERCOM::availableDataUART()
 .text._ZN6SERCOM11isUARTErrorEv
                0x00004cac        0x8 C:\Users\Asus\AppData\Local\Temp\arduino\sketches\4D1EEAFB6D70000CC430953D4A4E66C7/..\..\cores\SparkFun_samd_samd21_9dof_ef128ea404fa55e1bc02aa0e8aaa1558\core.a(SERCOM.cpp.o)
                0x00004cac                SERCOM::isUARTError()
 .text._ZN6SERCOM20acknowledgeUARTErrorEv
                0x00004cb4        0xe C:\Users\Asus\AppData\Local\Temp\arduino\sketches\4D1EEAFB6D70000CC430953D4A4E66C7/..\..\cores\SparkFun_samd_samd21_9dof_ef128ea404fa55e1bc02aa0e8aaa1558\core.a(SERCOM.cpp.o)
                0x00004cb4                SERCOM::acknowledgeUARTError()
 .text._ZN6SERCOM23isDataRegisterEmptyUARTEv
                0x00004cc2        0xa C:\Users\Asus\AppData\Local\Temp\arduino\sketches\4D1EEAFB6D70000CC430953D4A4E66C7/..\..\cores\SparkFun_samd_samd21_9dof_ef128ea404fa55e1bc02aa0e8aaa1558\core.a(SERCOM.cpp.o)
                0x00004cc2                SERCOM::isDataRegisterEmptyUART()
 .text._ZN6SERCOM12readDataUARTEv
                0x00004ccc        0x8 C:\Users\Asus\AppData\Local\Temp\arduino\sketches\4D1EEAFB6D70000CC430953D4A4E66C7/..\..\cores\SparkFun_samd_samd21_9dof_ef128ea404fa55e1bc02aa0e8aaa1558\core.a(SERCOM.cpp.o)
                0x00004ccc                SERCOM::readDataUART()
 .text._ZN6SERCOM13writeDataUARTEh
                0x00004cd4        0xe C:\Users\Asus\AppData\Local\Temp\arduino\sketches\4D1EEAFB6D70000CC430953D4A4E66C7/..\..\cores\SparkFun_samd_samd21_9dof_ef128ea404fa55e1bc02aa0e8aaa1558\core.a(SERCOM.cpp.o)
                0x00004cd4                SERCOM::writeDataUART(unsigned char)
 .text._ZN6SERCOM36enableDataRegisterEmptyInterruptUARTEv
                0x00004ce2        0x8 C:\Users\Asus\AppData\Local\Temp\arduino\sketches\4D1EEAFB6D70000CC430953D4A4E66C7/..\..\cores\SparkFun_samd_samd21_9dof_ef128ea404fa55e1bc02aa0e8aaa1558\core.a(SERCOM.cpp.o)
                0x00004ce2                SERCOM::enableDataRegisterEmptyInterruptUART()
 .text._ZN6SERCOM37disableDataRegisterEmptyInterruptUARTEv
                0x00004cea        0x8 C:\Users\Asus\AppData\Local\Temp\arduino\sketches\4D1EEAFB6D70000CC430953D4A4E66C7/..\..\cores\SparkFun_samd_samd21_9dof_ef128ea404fa55e1bc02aa0e8aaa1558\core.a(SERCOM.cpp.o)
                0x00004cea                SERCOM::disableDataRegisterEmptyInterruptUART()
 .text._ZN6SERCOM9resetWIREEv
                0x00004cf2       0x1c C:\Users\Asus\AppData\Local\Temp\arduino\sketches\4D1EEAFB6D70000CC430953D4A4E66C7/..\..\cores\SparkFun_samd_samd21_9dof_ef128ea404fa55e1bc02aa0e8aaa1558\core.a(SERCOM.cpp.o)
                0x00004cf2                SERCOM::resetWIRE()
 .text._ZN6SERCOM10enableWIREEv
                0x00004d0e       0x28 C:\Users\Asus\AppData\Local\Temp\arduino\sketches\4D1EEAFB6D70000CC430953D4A4E66C7/..\..\cores\SparkFun_samd_samd21_9dof_ef128ea404fa55e1bc02aa0e8aaa1558\core.a(SERCOM.cpp.o)
                0x00004d0e                SERCOM::enableWIRE()
 .text._ZN6SERCOM18prepareNackBitWIREEv
                0x00004d36       0x10 C:\Users\Asus\AppData\Local\Temp\arduino\sketches\4D1EEAFB6D70000CC430953D4A4E66C7/..\..\cores\SparkFun_samd_samd21_9dof_ef128ea404fa55e1bc02aa0e8aaa1558\core.a(SERCOM.cpp.o)
                0x00004d36                SERCOM::prepareNackBitWIRE()
 *fill*         0x00004d46        0x2 
 .text._ZN6SERCOM17prepareAckBitWIREEv
                0x00004d48       0x14 C:\Users\Asus\AppData\Local\Temp\arduino\sketches\4D1EEAFB6D70000CC430953D4A4E66C7/..\..\cores\SparkFun_samd_samd21_9dof_ef128ea404fa55e1bc02aa0e8aaa1558\core.a(SERCOM.cpp.o)
                0x00004d48                SERCOM::prepareAckBitWIRE()
 .text._ZN6SERCOM22prepareCommandBitsWireEh
                0x00004d5c       0x2c C:\Users\Asus\AppData\Local\Temp\arduino\sketches\4D1EEAFB6D70000CC430953D4A4E66C7/..\..\cores\SparkFun_samd_samd21_9dof_ef128ea404fa55e1bc02aa0e8aaa1558\core.a(SERCOM.cpp.o)
                0x00004d5c                SERCOM::prepareCommandBitsWire(unsigned char)
 .text._ZN6SERCOM21startTransmissionWIREEh23SercomWireReadWriteFlag
                0x00004d88       0x5e C:\Users\Asus\AppData\Local\Temp\arduino\sketches\4D1EEAFB6D70000CC430953D4A4E66C7/..\..\cores\SparkFun_samd_samd21_9dof_ef128ea404fa55e1bc02aa0e8aaa1558\core.a(SERCOM.cpp.o)
                0x00004d88                SERCOM::startTransmissionWIRE(unsigned char, SercomWireReadWriteFlag)
 .text._ZN6SERCOM18sendDataMasterWIREEh
                0x00004de6       0x22 C:\Users\Asus\AppData\Local\Temp\arduino\sketches\4D1EEAFB6D70000CC430953D4A4E66C7/..\..\cores\SparkFun_samd_samd21_9dof_ef128ea404fa55e1bc02aa0e8aaa1558\core.a(SERCOM.cpp.o)
                0x00004de6                SERCOM::sendDataMasterWIRE(unsigned char)
 .text._ZN6SERCOM17sendDataSlaveWIREEh
                0x00004e08       0x1a C:\Users\Asus\AppData\Local\Temp\arduino\sketches\4D1EEAFB6D70000CC430953D4A4E66C7/..\..\cores\SparkFun_samd_samd21_9dof_ef128ea404fa55e1bc02aa0e8aaa1558\core.a(SERCOM.cpp.o)
                0x00004e08                SERCOM::sendDataSlaveWIRE(unsigned char)
 .text._ZN6SERCOM11isSlaveWIREEv
                0x00004e22       0x12 C:\Users\Asus\AppData\Local\Temp\arduino\sketches\4D1EEAFB6D70000CC430953D4A4E66C7/..\..\cores\SparkFun_samd_samd21_9dof_ef128ea404fa55e1bc02aa0e8aaa1558\core.a(SERCOM.cpp.o)
                0x00004e22                SERCOM::isSlaveWIRE()
 .text._ZN6SERCOM15isDataReadyWIREEv
                0x00004e34        0xa C:\Users\Asus\AppData\Local\Temp\arduino\sketches\4D1EEAFB6D70000CC430953D4A4E66C7/..\..\cores\SparkFun_samd_samd21_9dof_ef128ea404fa55e1bc02aa0e8aaa1558\core.a(SERCOM.cpp.o)
                0x00004e34                SERCOM::isDataReadyWIRE()
 .text._ZN6SERCOM18isStopDetectedWIREEv
                0x00004e3e        0xa C:\Users\Asus\AppData\Local\Temp\arduino\sketches\4D1EEAFB6D70000CC430953D4A4E66C7/..\..\cores\SparkFun_samd_samd21_9dof_ef128ea404fa55e1bc02aa0e8aaa1558\core.a(SERCOM.cpp.o)
                0x00004e3e                SERCOM::isStopDetectedWIRE()
 .text._ZN6SERCOM21isRestartDetectedWIREEv
                0x00004e48        0xa C:\Users\Asus\AppData\Local\Temp\arduino\sketches\4D1EEAFB6D70000CC430953D4A4E66C7/..\..\cores\SparkFun_samd_samd21_9dof_ef128ea404fa55e1bc02aa0e8aaa1558\core.a(SERCOM.cpp.o)
                0x00004e48                SERCOM::isRestartDetectedWIRE()
 .text._ZN6SERCOM14isAddressMatchEv
                0x00004e52        0xa C:\Users\Asus\AppData\Local\Temp\arduino\sketches\4D1EEAFB6D70000CC430953D4A4E66C7/..\..\cores\SparkFun_samd_samd21_9dof_ef128ea404fa55e1bc02aa0e8aaa1558\core.a(SERCOM.cpp.o)
                0x00004e52                SERCOM::isAddressMatch()
 .text._ZN6SERCOM25isMasterReadOperationWIREEv
                0x00004e5c        0xa C:\Users\Asus\AppData\Local\Temp\arduino\sketches\4D1EEAFB6D70000CC430953D4A4E66C7/..\..\cores\SparkFun_samd_samd21_9dof_ef128ea404fa55e1bc02aa0e8aaa1558\core.a(SERCOM.cpp.o)
                0x00004e5c                SERCOM::isMasterReadOperationWIRE()
 .text._ZN6SERCOM12readDataWIREEv
                0x00004e66       0x1a C:\Users\Asus\AppData\Local\Temp\arduino\sketches\4D1EEAFB6D70000CC430953D4A4E66C7/..\..\cores\SparkFun_samd_samd21_9dof_ef128ea404fa55e1bc02aa0e8aaa1558\core.a(SERCOM.cpp.o)
                0x00004e66                SERCOM::readDataWIRE()
 .text._ZN6SERCOM13initClockNVICEv
                0x00004e80       0xac C:\Users\Asus\AppData\Local\Temp\arduino\sketches\4D1EEAFB6D70000CC430953D4A4E66C7/..\..\cores\SparkFun_samd_samd21_9dof_ef128ea404fa55e1bc02aa0e8aaa1558\core.a(SERCOM.cpp.o)
                0x00004e80                SERCOM::initClockNVIC()
 .text._ZN6SERCOM8initUARTE14SercomUartMode20SercomUartSampleRatem
                0x00004f2c       0x6c C:\Users\Asus\AppData\Local\Temp\arduino\sketches\4D1EEAFB6D70000CC430953D4A4E66C7/..\..\cores\SparkFun_samd_samd21_9dof_ef128ea404fa55e1bc02aa0e8aaa1558\core.a(SERCOM.cpp.o)
                0x00004f2c                SERCOM::initUART(SercomUartMode, SercomUartSampleRate, unsigned long)
 .text._ZN6SERCOM14initMasterWIREEm
                0x00004f98       0x54 C:\Users\Asus\AppData\Local\Temp\arduino\sketches\4D1EEAFB6D70000CC430953D4A4E66C7/..\..\cores\SparkFun_samd_samd21_9dof_ef128ea404fa55e1bc02aa0e8aaa1558\core.a(SERCOM.cpp.o)
                0x00004f98                SERCOM::initMasterWIRE(unsigned long)
 .text._ZN7Serial_17availableForWriteEv
                0x00004fec        0x4 C:\Users\Asus\AppData\Local\Temp\arduino\sketches\4D1EEAFB6D70000CC430953D4A4E66C7/..\..\cores\SparkFun_samd_samd21_9dof_ef128ea404fa55e1bc02aa0e8aaa1558\core.a(CDC.cpp.o)
                0x00004fec                Serial_::availableForWrite()
 .text._ZN7Serial_5writeEh
                0x00004ff0       0x14 C:\Users\Asus\AppData\Local\Temp\arduino\sketches\4D1EEAFB6D70000CC430953D4A4E66C7/..\..\cores\SparkFun_samd_samd21_9dof_ef128ea404fa55e1bc02aa0e8aaa1558\core.a(CDC.cpp.o)
                0x00004ff0                Serial_::write(unsigned char)
 .text._ZN7Serial_9availableEv
                0x00005004        0xc C:\Users\Asus\AppData\Local\Temp\arduino\sketches\4D1EEAFB6D70000CC430953D4A4E66C7/..\..\cores\SparkFun_samd_samd21_9dof_ef128ea404fa55e1bc02aa0e8aaa1558\core.a(CDC.cpp.o)
                0x00005004                Serial_::available()
 .text._ZN7Serial_5flushEv
                0x00005010        0xc C:\Users\Asus\AppData\Local\Temp\arduino\sketches\4D1EEAFB6D70000CC430953D4A4E66C7/..\..\cores\SparkFun_samd_samd21_9dof_ef128ea404fa55e1bc02aa0e8aaa1558\core.a(CDC.cpp.o)
                0x00005010                Serial_::flush()
 .text._ZN7Serial_5writeEPKhj
                0x0000501c       0x1c C:\Users\Asus\AppData\Local\Temp\arduino\sketches\4D1EEAFB6D70000CC430953D4A4E66C7/..\..\cores\SparkFun_samd_samd21_9dof_ef128ea404fa55e1bc02aa0e8aaa1558\core.a(CDC.cpp.o)
                0x0000501c                Serial_::write(unsigned char const*, unsigned int)
 .text._ZN7Serial_4peekEv
                0x00005038       0x1c C:\Users\Asus\AppData\Local\Temp\arduino\sketches\4D1EEAFB6D70000CC430953D4A4E66C7/..\..\cores\SparkFun_samd_samd21_9dof_ef128ea404fa55e1bc02aa0e8aaa1558\core.a(CDC.cpp.o)
                0x00005038                Serial_::peek()
 .text._ZN7Serial_4readEv
                0x00005054       0x24 C:\Users\Asus\AppData\Local\Temp\arduino\sketches\4D1EEAFB6D70000CC430953D4A4E66C7/..\..\cores\SparkFun_samd_samd21_9dof_ef128ea404fa55e1bc02aa0e8aaa1558\core.a(CDC.cpp.o)
                0x00005054                Serial_::read()
 .text._Z16CDC_GetInterfacePh
                0x00005078       0x1c C:\Users\Asus\AppData\Local\Temp\arduino\sketches\4D1EEAFB6D70000CC430953D4A4E66C7/..\..\cores\SparkFun_samd_samd21_9dof_ef128ea404fa55e1bc02aa0e8aaa1558\core.a(CDC.cpp.o)
                0x00005078                CDC_GetInterface(unsigned char*)
 .text._Z9CDC_SetupR8USBSetup
                0x00005094       0x80 C:\Users\Asus\AppData\Local\Temp\arduino\sketches\4D1EEAFB6D70000CC430953D4A4E66C7/..\..\cores\SparkFun_samd_samd21_9dof_ef128ea404fa55e1bc02aa0e8aaa1558\core.a(CDC.cpp.o)
                0x00005094                CDC_Setup(USBSetup&)
 .text._ZN7Serial_5beginEm
                0x00005114        0x2 C:\Users\Asus\AppData\Local\Temp\arduino\sketches\4D1EEAFB6D70000CC430953D4A4E66C7/..\..\cores\SparkFun_samd_samd21_9dof_ef128ea404fa55e1bc02aa0e8aaa1558\core.a(CDC.cpp.o)
                0x00005114                Serial_::begin(unsigned long)
 *fill*         0x00005116        0x2 
 .text.startup._GLOBAL__sub_I__Z17_CDC_GetInterfacev
                0x00005118       0x28 C:\Users\Asus\AppData\Local\Temp\arduino\sketches\4D1EEAFB6D70000CC430953D4A4E66C7/..\..\cores\SparkFun_samd_samd21_9dof_ef128ea404fa55e1bc02aa0e8aaa1558\core.a(CDC.cpp.o)
 .text._ZL5utox8mPc
                0x00005140       0x1c C:\Users\Asus\AppData\Local\Temp\arduino\sketches\4D1EEAFB6D70000CC430953D4A4E66C7/..\..\cores\SparkFun_samd_samd21_9dof_ef128ea404fa55e1bc02aa0e8aaa1558\core.a(USBCore.cpp.o)
 .text._ZN14USBDeviceClass6initEPEmm.part.4
                0x0000515c       0xc8 C:\Users\Asus\AppData\Local\Temp\arduino\sketches\4D1EEAFB6D70000CC430953D4A4E66C7/..\..\cores\SparkFun_samd_samd21_9dof_ef128ea404fa55e1bc02aa0e8aaa1558\core.a(USBCore.cpp.o)
 .text._ZN20USBDevice_SAMD21G18x5resetEv
                0x00005224       0x28 C:\Users\Asus\AppData\Local\Temp\arduino\sketches\4D1EEAFB6D70000CC430953D4A4E66C7/..\..\cores\SparkFun_samd_samd21_9dof_ef128ea404fa55e1bc02aa0e8aaa1558\core.a(USBCore.cpp.o)
                0x00005224                USBDevice_SAMD21G18x::reset()
 .text._ZN20USBDevice_SAMD21G18x9calibrateEv
                0x0000524c       0x5c C:\Users\Asus\AppData\Local\Temp\arduino\sketches\4D1EEAFB6D70000CC430953D4A4E66C7/..\..\cores\SparkFun_samd_samd21_9dof_ef128ea404fa55e1bc02aa0e8aaa1558\core.a(USBCore.cpp.o)
                0x0000524c                USBDevice_SAMD21G18x::calibrate()
 .text._ZN7__GuardC2Ev
                0x000052a8        0xe C:\Users\Asus\AppData\Local\Temp\arduino\sketches\4D1EEAFB6D70000CC430953D4A4E66C7/..\..\cores\SparkFun_samd_samd21_9dof_ef128ea404fa55e1bc02aa0e8aaa1558\core.a(USBCore.cpp.o)
                0x000052a8                __Guard::__Guard()
                0x000052a8                __Guard::__Guard()
 .text._ZN7__GuardD2Ev
                0x000052b6        0xe C:\Users\Asus\AppData\Local\Temp\arduino\sketches\4D1EEAFB6D70000CC430953D4A4E66C7/..\..\cores\SparkFun_samd_samd21_9dof_ef128ea404fa55e1bc02aa0e8aaa1558\core.a(USBCore.cpp.o)
                0x000052b6                __Guard::~__Guard()
                0x000052b6                __Guard::~__Guard()
 .text._ZNK26DoubleBufferedEPOutHandler9availableEv
                0x000052c4       0x5e C:\Users\Asus\AppData\Local\Temp\arduino\sketches\4D1EEAFB6D70000CC430953D4A4E66C7/..\..\cores\SparkFun_samd_samd21_9dof_ef128ea404fa55e1bc02aa0e8aaa1558\core.a(USBCore.cpp.o)
                0x000052c4                DoubleBufferedEPOutHandler::available() const
 *fill*         0x00005322        0x2 
 .text._ZN26DoubleBufferedEPOutHandler7releaseEv
                0x00005324       0x58 C:\Users\Asus\AppData\Local\Temp\arduino\sketches\4D1EEAFB6D70000CC430953D4A4E66C7/..\..\cores\SparkFun_samd_samd21_9dof_ef128ea404fa55e1bc02aa0e8aaa1558\core.a(USBCore.cpp.o)
                0x00005324                DoubleBufferedEPOutHandler::release()
 .text._ZN26DoubleBufferedEPOutHandler4recvEPvm
                0x0000537c      0x11c C:\Users\Asus\AppData\Local\Temp\arduino\sketches\4D1EEAFB6D70000CC430953D4A4E66C7/..\..\cores\SparkFun_samd_samd21_9dof_ef128ea404fa55e1bc02aa0e8aaa1558\core.a(USBCore.cpp.o)
                0x0000537c                DoubleBufferedEPOutHandler::recv(void*, unsigned long)
 .text._ZN26DoubleBufferedEPOutHandler14handleEndpointEv
                0x00005498       0xc8 C:\Users\Asus\AppData\Local\Temp\arduino\sketches\4D1EEAFB6D70000CC430953D4A4E66C7/..\..\cores\SparkFun_samd_samd21_9dof_ef128ea404fa55e1bc02aa0e8aaa1558\core.a(USBCore.cpp.o)
                0x00005498                DoubleBufferedEPOutHandler::handleEndpoint()
 .text._ZN14USBDeviceClass14SendInterfacesEPm
                0x00005560       0x2c C:\Users\Asus\AppData\Local\Temp\arduino\sketches\4D1EEAFB6D70000CC430953D4A4E66C7/..\..\cores\SparkFun_samd_samd21_9dof_ef128ea404fa55e1bc02aa0e8aaa1558\core.a(USBCore.cpp.o)
                0x00005560                USBDeviceClass::SendInterfaces(unsigned long*)
 .text._ZN14USBDeviceClass14handleEndpointEh
                0x0000558c       0x40 C:\Users\Asus\AppData\Local\Temp\arduino\sketches\4D1EEAFB6D70000CC430953D4A4E66C7/..\..\cores\SparkFun_samd_samd21_9dof_ef128ea404fa55e1bc02aa0e8aaa1558\core.a(USBCore.cpp.o)
                0x0000558c                USBDeviceClass::handleEndpoint(unsigned char)
 .text._ZN14USBDeviceClass4initEv
                0x000055cc       0xf0 C:\Users\Asus\AppData\Local\Temp\arduino\sketches\4D1EEAFB6D70000CC430953D4A4E66C7/..\..\cores\SparkFun_samd_samd21_9dof_ef128ea404fa55e1bc02aa0e8aaa1558\core.a(USBCore.cpp.o)
                0x000055cc                USBDeviceClass::init()
 .text._ZN14USBDeviceClass6attachEv
                0x000056bc       0x34 C:\Users\Asus\AppData\Local\Temp\arduino\sketches\4D1EEAFB6D70000CC430953D4A4E66C7/..\..\cores\SparkFun_samd_samd21_9dof_ef128ea404fa55e1bc02aa0e8aaa1558\core.a(USBCore.cpp.o)
                0x000056bc                USBDeviceClass::attach()
 .text._ZN14USBDeviceClass10setAddressEm
                0x000056f0       0x48 C:\Users\Asus\AppData\Local\Temp\arduino\sketches\4D1EEAFB6D70000CC430953D4A4E66C7/..\..\cores\SparkFun_samd_samd21_9dof_ef128ea404fa55e1bc02aa0e8aaa1558\core.a(USBCore.cpp.o)
                0x000056f0                USBDeviceClass::setAddress(unsigned long)
 .text._ZN14USBDeviceClass25handleClassInterfaceSetupER8USBSetup
                0x00005738       0x40 C:\Users\Asus\AppData\Local\Temp\arduino\sketches\4D1EEAFB6D70000CC430953D4A4E66C7/..\..\cores\SparkFun_samd_samd21_9dof_ef128ea404fa55e1bc02aa0e8aaa1558\core.a(USBCore.cpp.o)
                0x00005738                USBDeviceClass::handleClassInterfaceSetup(USBSetup&)
 .text._ZN14USBDeviceClass6initEPEmm
                0x00005778       0xf4 C:\Users\Asus\AppData\Local\Temp\arduino\sketches\4D1EEAFB6D70000CC430953D4A4E66C7/..\..\cores\SparkFun_samd_samd21_9dof_ef128ea404fa55e1bc02aa0e8aaa1558\core.a(USBCore.cpp.o)
                0x00005778                USBDeviceClass::initEP(unsigned long, unsigned long)
 .text._ZN14USBDeviceClass13initEndpointsEv
                0x0000586c       0x24 C:\Users\Asus\AppData\Local\Temp\arduino\sketches\4D1EEAFB6D70000CC430953D4A4E66C7/..\..\cores\SparkFun_samd_samd21_9dof_ef128ea404fa55e1bc02aa0e8aaa1558\core.a(USBCore.cpp.o)
                0x0000586c                USBDeviceClass::initEndpoints()
 .text._ZN14USBDeviceClass9availableEm
                0x00005890       0x2c C:\Users\Asus\AppData\Local\Temp\arduino\sketches\4D1EEAFB6D70000CC430953D4A4E66C7/..\..\cores\SparkFun_samd_samd21_9dof_ef128ea404fa55e1bc02aa0e8aaa1558\core.a(USBCore.cpp.o)
                0x00005890                USBDeviceClass::available(unsigned long)
 .text._ZN14USBDeviceClass5flushEm
                0x000058bc       0x2c C:\Users\Asus\AppData\Local\Temp\arduino\sketches\4D1EEAFB6D70000CC430953D4A4E66C7/..\..\cores\SparkFun_samd_samd21_9dof_ef128ea404fa55e1bc02aa0e8aaa1558\core.a(USBCore.cpp.o)
                0x000058bc                USBDeviceClass::flush(unsigned long)
 .text._ZN14USBDeviceClass14armRecvCtrlOUTEm
                0x000058e8       0x60 C:\Users\Asus\AppData\Local\Temp\arduino\sketches\4D1EEAFB6D70000CC430953D4A4E66C7/..\..\cores\SparkFun_samd_samd21_9dof_ef128ea404fa55e1bc02aa0e8aaa1558\core.a(USBCore.cpp.o)
                0x000058e8                USBDeviceClass::armRecvCtrlOUT(unsigned long)
 .text._ZN14USBDeviceClass11recvControlEPvm
                0x00005948       0x3c C:\Users\Asus\AppData\Local\Temp\arduino\sketches\4D1EEAFB6D70000CC430953D4A4E66C7/..\..\cores\SparkFun_samd_samd21_9dof_ef128ea404fa55e1bc02aa0e8aaa1558\core.a(USBCore.cpp.o)
                0x00005948                USBDeviceClass::recvControl(void*, unsigned long)
 .text._ZN14USBDeviceClass7armRecvEm
                0x00005984       0x3c C:\Users\Asus\AppData\Local\Temp\arduino\sketches\4D1EEAFB6D70000CC430953D4A4E66C7/..\..\cores\SparkFun_samd_samd21_9dof_ef128ea404fa55e1bc02aa0e8aaa1558\core.a(USBCore.cpp.o)
                0x00005984                USBDeviceClass::armRecv(unsigned long)
 .text._ZN14USBDeviceClass4recvEmPvm
                0x000059c0       0xd8 C:\Users\Asus\AppData\Local\Temp\arduino\sketches\4D1EEAFB6D70000CC430953D4A4E66C7/..\..\cores\SparkFun_samd_samd21_9dof_ef128ea404fa55e1bc02aa0e8aaa1558\core.a(USBCore.cpp.o)
                0x000059c0                USBDeviceClass::recv(unsigned long, void*, unsigned long)
 .text._ZN14USBDeviceClass4recvEm
                0x00005a98       0x1c C:\Users\Asus\AppData\Local\Temp\arduino\sketches\4D1EEAFB6D70000CC430953D4A4E66C7/..\..\cores\SparkFun_samd_samd21_9dof_ef128ea404fa55e1bc02aa0e8aaa1558\core.a(USBCore.cpp.o)
                0x00005a98                USBDeviceClass::recv(unsigned long)
 .text._ZN14USBDeviceClass4sendEmPKvm
                0x00005ab4      0x124 C:\Users\Asus\AppData\Local\Temp\arduino\sketches\4D1EEAFB6D70000CC430953D4A4E66C7/..\..\cores\SparkFun_samd_samd21_9dof_ef128ea404fa55e1bc02aa0e8aaa1558\core.a(USBCore.cpp.o)
                0x00005ab4                USBDeviceClass::send(unsigned long, void const*, unsigned long)
 .text._ZN14USBDeviceClass7armSendEmPKvm
                0x00005bd8       0x48 C:\Users\Asus\AppData\Local\Temp\arduino\sketches\4D1EEAFB6D70000CC430953D4A4E66C7/..\..\cores\SparkFun_samd_samd21_9dof_ef128ea404fa55e1bc02aa0e8aaa1558\core.a(USBCore.cpp.o)
                0x00005bd8                USBDeviceClass::armSend(unsigned long, void const*, unsigned long)
 .text._ZN14USBDeviceClass11sendControlEPKvm
                0x00005c20       0x58 C:\Users\Asus\AppData\Local\Temp\arduino\sketches\4D1EEAFB6D70000CC430953D4A4E66C7/..\..\cores\SparkFun_samd_samd21_9dof_ef128ea404fa55e1bc02aa0e8aaa1558\core.a(USBCore.cpp.o)
                0x00005c20                USBDeviceClass::sendControl(void const*, unsigned long)
 .text._ZN14USBDeviceClass20sendStringDescriptorEPKhh
                0x00005c78       0x68 C:\Users\Asus\AppData\Local\Temp\arduino\sketches\4D1EEAFB6D70000CC430953D4A4E66C7/..\..\cores\SparkFun_samd_samd21_9dof_ef128ea404fa55e1bc02aa0e8aaa1558\core.a(USBCore.cpp.o)
                0x00005c78                USBDeviceClass::sendStringDescriptor(unsigned char const*, unsigned char)
 .text._ZN14USBDeviceClass12packMessagesEb.part.6
                0x00005ce0       0x20 C:\Users\Asus\AppData\Local\Temp\arduino\sketches\4D1EEAFB6D70000CC430953D4A4E66C7/..\..\cores\SparkFun_samd_samd21_9dof_ef128ea404fa55e1bc02aa0e8aaa1558\core.a(USBCore.cpp.o)
 .text._ZN14USBDeviceClass17sendConfigurationEm
                0x00005d00       0x90 C:\Users\Asus\AppData\Local\Temp\arduino\sketches\4D1EEAFB6D70000CC430953D4A4E66C7/..\..\cores\SparkFun_samd_samd21_9dof_ef128ea404fa55e1bc02aa0e8aaa1558\core.a(USBCore.cpp.o)
                0x00005d00                USBDeviceClass::sendConfiguration(unsigned long)
 .text._ZN14USBDeviceClass14sendDescriptorER8USBSetup
                0x00005d90       0xec C:\Users\Asus\AppData\Local\Temp\arduino\sketches\4D1EEAFB6D70000CC430953D4A4E66C7/..\..\cores\SparkFun_samd_samd21_9dof_ef128ea404fa55e1bc02aa0e8aaa1558\core.a(USBCore.cpp.o)
                0x00005d90                USBDeviceClass::sendDescriptor(USBSetup&)
 .text._ZN14USBDeviceClass19handleStandardSetupER8USBSetup
                0x00005e7c      0x118 C:\Users\Asus\AppData\Local\Temp\arduino\sketches\4D1EEAFB6D70000CC430953D4A4E66C7/..\..\cores\SparkFun_samd_samd21_9dof_ef128ea404fa55e1bc02aa0e8aaa1558\core.a(USBCore.cpp.o)
                0x00005e7c                USBDeviceClass::handleStandardSetup(USBSetup&)
 .text._ZN14USBDeviceClass10ISRHandlerEv
                0x00005f94      0x150 C:\Users\Asus\AppData\Local\Temp\arduino\sketches\4D1EEAFB6D70000CC430953D4A4E66C7/..\..\cores\SparkFun_samd_samd21_9dof_ef128ea404fa55e1bc02aa0e8aaa1558\core.a(USBCore.cpp.o)
                0x00005f94                USBDeviceClass::ISRHandler()
 .text.UDD_Handler
                0x000060e4       0x10 C:\Users\Asus\AppData\Local\Temp\arduino\sketches\4D1EEAFB6D70000CC430953D4A4E66C7/..\..\cores\SparkFun_samd_samd21_9dof_ef128ea404fa55e1bc02aa0e8aaa1558\core.a(USBCore.cpp.o)
                0x000060e4                UDD_Handler
 .text.startup._GLOBAL__sub_I__ZN20USBDevice_SAMD21G18x5resetEv
                0x000060f4       0x10 C:\Users\Asus\AppData\Local\Temp\arduino\sketches\4D1EEAFB6D70000CC430953D4A4E66C7/..\..\cores\SparkFun_samd_samd21_9dof_ef128ea404fa55e1bc02aa0e8aaa1558\core.a(USBCore.cpp.o)
 .text._ZN4UartcvbEv
                0x00006104        0x4 C:\Users\Asus\AppData\Local\Temp\arduino\sketches\4D1EEAFB6D70000CC430953D4A4E66C7/..\..\cores\SparkFun_samd_samd21_9dof_ef128ea404fa55e1bc02aa0e8aaa1558\core.a(Uart.cpp.o)
                0x00006104                Uart::operator bool()
 .text._ZN4Uart5beginEm
                0x00006108       0x10 C:\Users\Asus\AppData\Local\Temp\arduino\sketches\4D1EEAFB6D70000CC430953D4A4E66C7/..\..\cores\SparkFun_samd_samd21_9dof_ef128ea404fa55e1bc02aa0e8aaa1558\core.a(Uart.cpp.o)
                0x00006108                Uart::begin(unsigned long)
 .text._ZN4Uart4peekEv
                0x00006118       0x16 C:\Users\Asus\AppData\Local\Temp\arduino\sketches\4D1EEAFB6D70000CC430953D4A4E66C7/..\..\cores\SparkFun_samd_samd21_9dof_ef128ea404fa55e1bc02aa0e8aaa1558\core.a(Uart.cpp.o)
                0x00006118                Uart::peek()
 .text._ZN4Uart3endEv
                0x0000612e       0x1c C:\Users\Asus\AppData\Local\Temp\arduino\sketches\4D1EEAFB6D70000CC430953D4A4E66C7/..\..\cores\SparkFun_samd_samd21_9dof_ef128ea404fa55e1bc02aa0e8aaa1558\core.a(Uart.cpp.o)
                0x0000612e                Uart::end()
 *fill*         0x0000614a        0x2 
 .text._ZN4UartC2EP6SERCOMhh11SercomRXPad15SercomUartTXPadhh
                0x0000614c       0x7c C:\Users\Asus\AppData\Local\Temp\arduino\sketches\4D1EEAFB6D70000CC430953D4A4E66C7/..\..\cores\SparkFun_samd_samd21_9dof_ef128ea404fa55e1bc02aa0e8aaa1558\core.a(Uart.cpp.o)
                0x0000614c                Uart::Uart(SERCOM*, unsigned char, unsigned char, SercomRXPad, SercomUartTXPad, unsigned char, unsigned char)
                0x0000614c                Uart::Uart(SERCOM*, unsigned char, unsigned char, SercomRXPad, SercomUartTXPad, unsigned char, unsigned char)
 .text._ZN4UartC2EP6SERCOMhh11SercomRXPad15SercomUartTXPad
                0x000061c8       0x24 C:\Users\Asus\AppData\Local\Temp\arduino\sketches\4D1EEAFB6D70000CC430953D4A4E66C7/..\..\cores\SparkFun_samd_samd21_9dof_ef128ea404fa55e1bc02aa0e8aaa1558\core.a(Uart.cpp.o)
                0x000061c8                Uart::Uart(SERCOM*, unsigned char, unsigned char, SercomRXPad, SercomUartTXPad)
                0x000061c8                Uart::Uart(SERCOM*, unsigned char, unsigned char, SercomRXPad, SercomUartTXPad)
 .text._ZN4Uart16extractNbStopBitEt
                0x000061ec        0xe C:\Users\Asus\AppData\Local\Temp\arduino\sketches\4D1EEAFB6D70000CC430953D4A4E66C7/..\..\cores\SparkFun_samd_samd21_9dof_ef128ea404fa55e1bc02aa0e8aaa1558\core.a(Uart.cpp.o)
                0x000061ec                Uart::extractNbStopBit(unsigned short)
 .text._ZN4Uart15extractCharSizeEt
                0x000061fa       0x2c C:\Users\Asus\AppData\Local\Temp\arduino\sketches\4D1EEAFB6D70000CC430953D4A4E66C7/..\..\cores\SparkFun_samd_samd21_9dof_ef128ea404fa55e1bc02aa0e8aaa1558\core.a(Uart.cpp.o)
                0x000061fa                Uart::extractCharSize(unsigned short)
 .text._ZN4Uart13extractParityEt
                0x00006226       0x18 C:\Users\Asus\AppData\Local\Temp\arduino\sketches\4D1EEAFB6D70000CC430953D4A4E66C7/..\..\cores\SparkFun_samd_samd21_9dof_ef128ea404fa55e1bc02aa0e8aaa1558\core.a(Uart.cpp.o)
                0x00006226                Uart::extractParity(unsigned short)
 *fill*         0x0000623e        0x2 
 .text._ZN4Uart5beginEmt
                0x00006240       0xf4 C:\Users\Asus\AppData\Local\Temp\arduino\sketches\4D1EEAFB6D70000CC430953D4A4E66C7/..\..\cores\SparkFun_samd_samd21_9dof_ef128ea404fa55e1bc02aa0e8aaa1558\core.a(Uart.cpp.o)
                0x00006240                Uart::begin(unsigned long, unsigned short)
 .text._ZN11RingBufferNILi64EE9availableEv
                0x00006334        0xc C:\Users\Asus\AppData\Local\Temp\arduino\sketches\4D1EEAFB6D70000CC430953D4A4E66C7/..\..\cores\SparkFun_samd_samd21_9dof_ef128ea404fa55e1bc02aa0e8aaa1558\core.a(Uart.cpp.o)
                0x00006334                RingBufferN<64>::available()
 .text._ZN4Uart5flushEv
                0x00006340       0x18 C:\Users\Asus\AppData\Local\Temp\arduino\sketches\4D1EEAFB6D70000CC430953D4A4E66C7/..\..\cores\SparkFun_samd_samd21_9dof_ef128ea404fa55e1bc02aa0e8aaa1558\core.a(Uart.cpp.o)
                0x00006340                Uart::flush()
 .text._ZN4Uart9availableEv
                0x00006358        0xa C:\Users\Asus\AppData\Local\Temp\arduino\sketches\4D1EEAFB6D70000CC430953D4A4E66C7/..\..\cores\SparkFun_samd_samd21_9dof_ef128ea404fa55e1bc02aa0e8aaa1558\core.a(Uart.cpp.o)
                0x00006358                Uart::available()
 .text._ZN11RingBufferNILi64EE17availableForStoreEv
                0x00006362       0x1c C:\Users\Asus\AppData\Local\Temp\arduino\sketches\4D1EEAFB6D70000CC430953D4A4E66C7/..\..\cores\SparkFun_samd_samd21_9dof_ef128ea404fa55e1bc02aa0e8aaa1558\core.a(Uart.cpp.o)
                0x00006362                RingBufferN<64>::availableForStore()
 .text._ZN4Uart17availableForWriteEv
                0x0000637e        0xa C:\Users\Asus\AppData\Local\Temp\arduino\sketches\4D1EEAFB6D70000CC430953D4A4E66C7/..\..\cores\SparkFun_samd_samd21_9dof_ef128ea404fa55e1bc02aa0e8aaa1558\core.a(Uart.cpp.o)
                0x0000637e                Uart::availableForWrite()
 .text._ZN4Uart10IrqHandlerEv
                0x00006388       0xb2 C:\Users\Asus\AppData\Local\Temp\arduino\sketches\4D1EEAFB6D70000CC430953D4A4E66C7/..\..\cores\SparkFun_samd_samd21_9dof_ef128ea404fa55e1bc02aa0e8aaa1558\core.a(Uart.cpp.o)
                0x00006388                Uart::IrqHandler()
 *fill*         0x0000643a        0x2 
 .text._ZN4Uart5writeEh
                0x0000643c       0xb8 C:\Users\Asus\AppData\Local\Temp\arduino\sketches\4D1EEAFB6D70000CC430953D4A4E66C7/..\..\cores\SparkFun_samd_samd21_9dof_ef128ea404fa55e1bc02aa0e8aaa1558\core.a(Uart.cpp.o)
                0x0000643c                Uart::write(unsigned char)
 .text._ZN4Uart4readEv
                0x000064f4       0x48 C:\Users\Asus\AppData\Local\Temp\arduino\sketches\4D1EEAFB6D70000CC430953D4A4E66C7/..\..\cores\SparkFun_samd_samd21_9dof_ef128ea404fa55e1bc02aa0e8aaa1558\core.a(Uart.cpp.o)
                0x000064f4                Uart::read()
 .text.Dummy_Handler
                0x0000653c        0x2 C:\Users\Asus\AppData\Local\Temp\arduino\sketches\4D1EEAFB6D70000CC430953D4A4E66C7/..\..\cores\SparkFun_samd_samd21_9dof_ef128ea404fa55e1bc02aa0e8aaa1558\core.a(cortex_handlers.c.o)
                0x0000653c                DMAC_Handler
                0x0000653c                HardFault_Handler
                0x0000653c                AC_Handler
                0x0000653c                PendSV_Handler
                0x0000653c                NMI_Handler
                0x0000653c                TC7_Handler
                0x0000653c                SERCOM1_Handler
                0x0000653c                ADC_Handler
                0x0000653c                TCC1_Handler
                0x0000653c                SERCOM2_Handler
                0x0000653c                TCC0_Handler
                0x0000653c                RTC_Handler
                0x0000653c                EIC_Handler
                0x0000653c                TC6_Handler
                0x0000653c                WDT_Handler
                0x0000653c                TC4_Handler
                0x0000653c                TC3_Handler
                0x0000653c                Dummy_Handler
                0x0000653c                PM_Handler
                0x0000653c                SVC_Handler
                0x0000653c                TCC2_Handler
                0x0000653c                EVSYS_Handler
                0x0000653c                SERCOM4_Handler
                0x0000653c                I2S_Handler
                0x0000653c                NVMCTRL_Handler
                0x0000653c                DAC_Handler
                0x0000653c                PTC_Handler
                0x0000653c                SYSCTRL_Handler
 *fill*         0x0000653e        0x2 
 .text.USB_Handler
                0x00006540       0x14 C:\Users\Asus\AppData\Local\Temp\arduino\sketches\4D1EEAFB6D70000CC430953D4A4E66C7/..\..\cores\SparkFun_samd_samd21_9dof_ef128ea404fa55e1bc02aa0e8aaa1558\core.a(cortex_handlers.c.o)
                0x00006540                USB_Handler
 .text.Reset_Handler
                0x00006554       0x54 C:\Users\Asus\AppData\Local\Temp\arduino\sketches\4D1EEAFB6D70000CC430953D4A4E66C7/..\..\cores\SparkFun_samd_samd21_9dof_ef128ea404fa55e1bc02aa0e8aaa1558\core.a(cortex_handlers.c.o)
                0x00006554                Reset_Handler
 .text.SysTick_Handler
                0x000065a8       0x10 C:\Users\Asus\AppData\Local\Temp\arduino\sketches\4D1EEAFB6D70000CC430953D4A4E66C7/..\..\cores\SparkFun_samd_samd21_9dof_ef128ea404fa55e1bc02aa0e8aaa1558\core.a(cortex_handlers.c.o)
                0x000065a8                SysTick_Handler
 .text.USB_SetHandler
                0x000065b8        0xc C:\Users\Asus\AppData\Local\Temp\arduino\sketches\4D1EEAFB6D70000CC430953D4A4E66C7/..\..\cores\SparkFun_samd_samd21_9dof_ef128ea404fa55e1bc02aa0e8aaa1558\core.a(cortex_handlers.c.o)
                0x000065b8                USB_SetHandler
 .text.millis   0x000065c4        0xc C:\Users\Asus\AppData\Local\Temp\arduino\sketches\4D1EEAFB6D70000CC430953D4A4E66C7/..\..\cores\SparkFun_samd_samd21_9dof_ef128ea404fa55e1bc02aa0e8aaa1558\core.a(delay.c.o)
                0x000065c4                millis
 .text.delay    0x000065d0       0x20 C:\Users\Asus\AppData\Local\Temp\arduino\sketches\4D1EEAFB6D70000CC430953D4A4E66C7/..\..\cores\SparkFun_samd_samd21_9dof_ef128ea404fa55e1bc02aa0e8aaa1558\core.a(delay.c.o)
                0x000065d0                delay
 .text.SysTick_DefaultHandler
                0x000065f0       0x14 C:\Users\Asus\AppData\Local\Temp\arduino\sketches\4D1EEAFB6D70000CC430953D4A4E66C7/..\..\cores\SparkFun_samd_samd21_9dof_ef128ea404fa55e1bc02aa0e8aaa1558\core.a(delay.c.o)
                0x000065f0                SysTick_DefaultHandler
 .text.__empty  0x00006604        0x2 C:\Users\Asus\AppData\Local\Temp\arduino\sketches\4D1EEAFB6D70000CC430953D4A4E66C7/..\..\cores\SparkFun_samd_samd21_9dof_ef128ea404fa55e1bc02aa0e8aaa1558\core.a(hooks.c.o)
                0x00006604                yield
 .text.__false  0x00006606        0x4 C:\Users\Asus\AppData\Local\Temp\arduino\sketches\4D1EEAFB6D70000CC430953D4A4E66C7/..\..\cores\SparkFun_samd_samd21_9dof_ef128ea404fa55e1bc02aa0e8aaa1558\core.a(hooks.c.o)
                0x00006606                sysTickHook
 .text._Z11initVariantv
                0x0000660a        0x2 C:\Users\Asus\AppData\Local\Temp\arduino\sketches\4D1EEAFB6D70000CC430953D4A4E66C7/..\..\cores\SparkFun_samd_samd21_9dof_ef128ea404fa55e1bc02aa0e8aaa1558\core.a(main.cpp.o)
                0x0000660a                initVariant()
 .text.startup.main
                0x0000660c       0x40 C:\Users\Asus\AppData\Local\Temp\arduino\sketches\4D1EEAFB6D70000CC430953D4A4E66C7/..\..\cores\SparkFun_samd_samd21_9dof_ef128ea404fa55e1bc02aa0e8aaa1558\core.a(main.cpp.o)
                0x0000660c                main
 .text._Znwj    0x0000664c        0x8 C:\Users\Asus\AppData\Local\Temp\arduino\sketches\4D1EEAFB6D70000CC430953D4A4E66C7/..\..\cores\SparkFun_samd_samd21_9dof_ef128ea404fa55e1bc02aa0e8aaa1558\core.a(new.cpp.o)
                0x0000664c                operator new(unsigned int)
 .text.SystemInit
                0x00006654      0x168 C:\Users\Asus\AppData\Local\Temp\arduino\sketches\4D1EEAFB6D70000CC430953D4A4E66C7/..\..\cores\SparkFun_samd_samd21_9dof_ef128ea404fa55e1bc02aa0e8aaa1558\core.a(startup.c.o)
                0x00006654                SystemInit
 .text.init     0x000067bc       0xe4 C:\Users\Asus\AppData\Local\Temp\arduino\sketches\4D1EEAFB6D70000CC430953D4A4E66C7/..\..\cores\SparkFun_samd_samd21_9dof_ef128ea404fa55e1bc02aa0e8aaa1558\core.a(wiring.c.o)
                0x000067bc                init
 .text.analogReference
                0x000068a0       0x5c C:\Users\Asus\AppData\Local\Temp\arduino\sketches\4D1EEAFB6D70000CC430953D4A4E66C7/..\..\cores\SparkFun_samd_samd21_9dof_ef128ea404fa55e1bc02aa0e8aaa1558\core.a(wiring_analog.c.o)
                0x000068a0                analogReference
 .text.pinMode  0x000068fc       0xb4 C:\Users\Asus\AppData\Local\Temp\arduino\sketches\4D1EEAFB6D70000CC430953D4A4E66C7/..\..\cores\SparkFun_samd_samd21_9dof_ef128ea404fa55e1bc02aa0e8aaa1558\core.a(wiring_digital.c.o)
                0x000068fc                pinMode
 .text.digitalWrite
                0x000069b0       0x60 C:\Users\Asus\AppData\Local\Temp\arduino\sketches\4D1EEAFB6D70000CC430953D4A4E66C7/..\..\cores\SparkFun_samd_samd21_9dof_ef128ea404fa55e1bc02aa0e8aaa1558\core.a(wiring_digital.c.o)
                0x000069b0                digitalWrite
 .text.pinPeripheral
                0x00006a10       0xc4 C:\Users\Asus\AppData\Local\Temp\arduino\sketches\4D1EEAFB6D70000CC430953D4A4E66C7/..\..\cores\SparkFun_samd_samd21_9dof_ef128ea404fa55e1bc02aa0e8aaa1558\core.a(wiring_private.c.o)
                0x00006a10                pinPeripheral
 .text.initiateReset
                0x00006ad4        0xc C:\Users\Asus\AppData\Local\Temp\arduino\sketches\4D1EEAFB6D70000CC430953D4A4E66C7/..\..\cores\SparkFun_samd_samd21_9dof_ef128ea404fa55e1bc02aa0e8aaa1558\core.a(Reset.cpp.o)
                0x00006ad4                initiateReset
 .text.cancelReset
                0x00006ae0       0x10 C:\Users\Asus\AppData\Local\Temp\arduino\sketches\4D1EEAFB6D70000CC430953D4A4E66C7/..\..\cores\SparkFun_samd_samd21_9dof_ef128ea404fa55e1bc02aa0e8aaa1558\core.a(Reset.cpp.o)
                0x00006ae0                cancelReset
 .text.tickReset
                0x00006af0       0x60 C:\Users\Asus\AppData\Local\Temp\arduino\sketches\4D1EEAFB6D70000CC430953D4A4E66C7/..\..\cores\SparkFun_samd_samd21_9dof_ef128ea404fa55e1bc02aa0e8aaa1558\core.a(Reset.cpp.o)
                0x00006af0                tickReset
 .text._ZN13PluggableUSB_12getInterfaceEPh
                0x00006b50       0x2a C:\Users\Asus\AppData\Local\Temp\arduino\sketches\4D1EEAFB6D70000CC430953D4A4E66C7/..\..\cores\SparkFun_samd_samd21_9dof_ef128ea404fa55e1bc02aa0e8aaa1558\core.a(PluggableUSB.cpp.o)
                0x00006b50                PluggableUSB_::getInterface(unsigned char*)
 .text._ZN13PluggableUSB_13getDescriptorER8USBSetup
                0x00006b7a       0x20 C:\Users\Asus\AppData\Local\Temp\arduino\sketches\4D1EEAFB6D70000CC430953D4A4E66C7/..\..\cores\SparkFun_samd_samd21_9dof_ef128ea404fa55e1bc02aa0e8aaa1558\core.a(PluggableUSB.cpp.o)
                0x00006b7a                PluggableUSB_::getDescriptor(USBSetup&)
 .text._ZN13PluggableUSB_12getShortNameEPc
                0x00006b9a       0x1e C:\Users\Asus\AppData\Local\Temp\arduino\sketches\4D1EEAFB6D70000CC430953D4A4E66C7/..\..\cores\SparkFun_samd_samd21_9dof_ef128ea404fa55e1bc02aa0e8aaa1558\core.a(PluggableUSB.cpp.o)
                0x00006b9a                PluggableUSB_::getShortName(char*)
 .text._ZN13PluggableUSB_5setupER8USBSetup
                0x00006bb8       0x24 C:\Users\Asus\AppData\Local\Temp\arduino\sketches\4D1EEAFB6D70000CC430953D4A4E66C7/..\..\cores\SparkFun_samd_samd21_9dof_ef128ea404fa55e1bc02aa0e8aaa1558\core.a(PluggableUSB.cpp.o)
                0x00006bb8                PluggableUSB_::setup(USBSetup&)
 .text._Z12PluggableUSBv
                0x00006bdc       0x24 C:\Users\Asus\AppData\Local\Temp\arduino\sketches\4D1EEAFB6D70000CC430953D4A4E66C7/..\..\cores\SparkFun_samd_samd21_9dof_ef128ea404fa55e1bc02aa0e8aaa1558\core.a(PluggableUSB.cpp.o)
                0x00006bdc                PluggableUSB()
 .text          0x00006c00       0x14 c:/users/asus/appdata/local/arduino15/packages/arduino/tools/arm-none-eabi-gcc/4.8.3-2014q1/bin/../lib/gcc/arm-none-eabi/4.8.3/armv6-m\libgcc.a(_thumb1_case_uqi.o)
                0x00006c00                __gnu_thumb1_case_uqi
 .text          0x00006c14       0x9c c:/users/asus/appdata/local/arduino15/packages/arduino/tools/arm-none-eabi-gcc/4.8.3-2014q1/bin/../lib/gcc/arm-none-eabi/4.8.3/armv6-m\libgcc.a(_udivsi3.o)
                0x00006c14                __aeabi_uidiv
                0x00006c14                __udivsi3
                0x00006c9c                __aeabi_uidivmod
 .text          0x00006cb0       0xc0 c:/users/asus/appdata/local/arduino15/packages/arduino/tools/arm-none-eabi-gcc/4.8.3-2014q1/bin/../lib/gcc/arm-none-eabi/4.8.3/armv6-m\libgcc.a(_divsi3.o)
                0x00006cb0                __divsi3
                0x00006cb0                __aeabi_idiv
                0x00006d5c                __aeabi_idivmod
 .text          0x00006d70        0x4 c:/users/asus/appdata/local/arduino15/packages/arduino/tools/arm-none-eabi-gcc/4.8.3-2014q1/bin/../lib/gcc/arm-none-eabi/4.8.3/armv6-m\libgcc.a(_dvmd_tls.o)
                0x00006d70                __aeabi_idiv0
                0x00006d70                __aeabi_ldiv0
 .text          0x00006d74       0x7c c:/users/asus/appdata/local/arduino15/packages/arduino/tools/arm-none-eabi-gcc/4.8.3-2014q1/bin/../lib/gcc/arm-none-eabi/4.8.3/armv6-m\libgcc.a(_arm_cmpdf2.o)
                0x00006d74                __aeabi_cdrcmple
                0x00006d84                __aeabi_cdcmple
                0x00006d84                __aeabi_cdcmpeq
                0x00006d94                __aeabi_dcmpeq
                0x00006da0                __aeabi_dcmplt
                0x00006db4                __aeabi_dcmple
                0x00006dc8                __aeabi_dcmpgt
                0x00006ddc                __aeabi_dcmpge
 .text          0x00006df0       0x74 c:/users/asus/appdata/local/arduino15/packages/arduino/tools/arm-none-eabi-gcc/4.8.3-2014q1/bin/../lib/gcc/arm-none-eabi/4.8.3/armv6-m\libgcc.a(_arm_cmpsf2.o)
                0x00006df0                __aeabi_cfrcmple
                0x00006df8                __aeabi_cfcmpeq
                0x00006df8                __aeabi_cfcmple
                0x00006e08                __aeabi_fcmpeq
                0x00006e14                __aeabi_fcmplt
                0x00006e28                __aeabi_fcmple
                0x00006e3c                __aeabi_fcmpgt
                0x00006e50                __aeabi_fcmpge
 .text          0x00006e64       0x30 c:/users/asus/appdata/local/arduino15/packages/arduino/tools/arm-none-eabi-gcc/4.8.3-2014q1/bin/../lib/gcc/arm-none-eabi/4.8.3/armv6-m\libgcc.a(_fixunssfsi.o)
                0x00006e64                __fixunssfsi
                0x00006e64                __aeabi_f2uiz
 .text          0x00006e94      0x2c8 c:/users/asus/appdata/local/arduino15/packages/arduino/tools/arm-none-eabi-gcc/4.8.3-2014q1/bin/../lib/gcc/arm-none-eabi/4.8.3/armv6-m\libgcc.a(addsf3.o)
                0x00006e94                __aeabi_fadd
 .text          0x0000715c      0x24c c:/users/asus/appdata/local/arduino15/packages/arduino/tools/arm-none-eabi-gcc/4.8.3-2014q1/bin/../lib/gcc/arm-none-eabi/4.8.3/armv6-m\libgcc.a(divsf3.o)
                0x0000715c                __aeabi_fdiv
 .text          0x000073a8       0x54 c:/users/asus/appdata/local/arduino15/packages/arduino/tools/arm-none-eabi-gcc/4.8.3-2014q1/bin/../lib/gcc/arm-none-eabi/4.8.3/armv6-m\libgcc.a(eqsf2.o)
                0x000073a8                __eqsf2
                0x000073a8                __nesf2
 .text          0x000073fc       0x90 c:/users/asus/appdata/local/arduino15/packages/arduino/tools/arm-none-eabi-gcc/4.8.3-2014q1/bin/../lib/gcc/arm-none-eabi/4.8.3/armv6-m\libgcc.a(gesf2.o)
                0x000073fc                __gesf2
                0x000073fc                __gtsf2
 .text          0x0000748c       0x98 c:/users/asus/appdata/local/arduino15/packages/arduino/tools/arm-none-eabi-gcc/4.8.3-2014q1/bin/../lib/gcc/arm-none-eabi/4.8.3/armv6-m\libgcc.a(lesf2.o)
                0x0000748c                __ltsf2
                0x0000748c                __lesf2
 .text          0x00007524      0x254 c:/users/asus/appdata/local/arduino15/packages/arduino/tools/arm-none-eabi-gcc/4.8.3-2014q1/bin/../lib/gcc/arm-none-eabi/4.8.3/armv6-m\libgcc.a(mulsf3.o)
                0x00007524                __aeabi_fmul
 .text          0x00007778      0x2e0 c:/users/asus/appdata/local/arduino15/packages/arduino/tools/arm-none-eabi-gcc/4.8.3-2014q1/bin/../lib/gcc/arm-none-eabi/4.8.3/armv6-m\libgcc.a(subsf3.o)
                0x00007778                __aeabi_fsub
 .text          0x00007a58       0x40 c:/users/asus/appdata/local/arduino15/packages/arduino/tools/arm-none-eabi-gcc/4.8.3-2014q1/bin/../lib/gcc/arm-none-eabi/4.8.3/armv6-m\libgcc.a(fixsfsi.o)
                0x00007a58                __aeabi_f2iz
 .text          0x00007a98       0xb8 c:/users/asus/appdata/local/arduino15/packages/arduino/tools/arm-none-eabi-gcc/4.8.3-2014q1/bin/../lib/gcc/arm-none-eabi/4.8.3/armv6-m\libgcc.a(floatsisf.o)
                0x00007a98                __aeabi_i2f
 .text          0x00007b50       0xa0 c:/users/asus/appdata/local/arduino15/packages/arduino/tools/arm-none-eabi-gcc/4.8.3-2014q1/bin/../lib/gcc/arm-none-eabi/4.8.3/armv6-m\libgcc.a(floatunsisf.o)
                0x00007b50                __aeabi_ui2f
 .text          0x00007bf0      0x638 c:/users/asus/appdata/local/arduino15/packages/arduino/tools/arm-none-eabi-gcc/4.8.3-2014q1/bin/../lib/gcc/arm-none-eabi/4.8.3/armv6-m\libgcc.a(adddf3.o)
                0x00007bf0                __aeabi_dadd
 .text          0x00008228      0x648 c:/users/asus/appdata/local/arduino15/packages/arduino/tools/arm-none-eabi-gcc/4.8.3-2014q1/bin/../lib/gcc/arm-none-eabi/4.8.3/armv6-m\libgcc.a(divdf3.o)
                0x00008228                __aeabi_ddiv
 .text          0x00008870       0x94 c:/users/asus/appdata/local/arduino15/packages/arduino/tools/arm-none-eabi-gcc/4.8.3-2014q1/bin/../lib/gcc/arm-none-eabi/4.8.3/armv6-m\libgcc.a(eqdf2.o)
                0x00008870                __nedf2
                0x00008870                __eqdf2
 .text          0x00008904       0xfc c:/users/asus/appdata/local/arduino15/packages/arduino/tools/arm-none-eabi-gcc/4.8.3-2014q1/bin/../lib/gcc/arm-none-eabi/4.8.3/armv6-m\libgcc.a(gedf2.o)
                0x00008904                __gedf2
                0x00008904                __gtdf2
 .text          0x00008a00       0xfc c:/users/asus/appdata/local/arduino15/packages/arduino/tools/arm-none-eabi-gcc/4.8.3-2014q1/bin/../lib/gcc/arm-none-eabi/4.8.3/armv6-m\libgcc.a(ledf2.o)
                0x00008a00                __ledf2
                0x00008a00                __ltdf2
 .text          0x00008afc      0x520 c:/users/asus/appdata/local/arduino15/packages/arduino/tools/arm-none-eabi-gcc/4.8.3-2014q1/bin/../lib/gcc/arm-none-eabi/4.8.3/armv6-m\libgcc.a(muldf3.o)
                0x00008afc                __aeabi_dmul
 .text          0x0000901c      0x654 c:/users/asus/appdata/local/arduino15/packages/arduino/tools/arm-none-eabi-gcc/4.8.3-2014q1/bin/../lib/gcc/arm-none-eabi/4.8.3/armv6-m\libgcc.a(subdf3.o)
                0x0000901c                __aeabi_dsub
 .text          0x00009670       0xa4 c:/users/asus/appdata/local/arduino15/packages/arduino/tools/arm-none-eabi-gcc/4.8.3-2014q1/bin/../lib/gcc/arm-none-eabi/4.8.3/armv6-m\libgcc.a(extendsfdf2.o)
                0x00009670                __aeabi_f2d
 .text          0x00009714      0x118 c:/users/asus/appdata/local/arduino15/packages/arduino/tools/arm-none-eabi-gcc/4.8.3-2014q1/bin/../lib/gcc/arm-none-eabi/4.8.3/armv6-m\libgcc.a(truncdfsf2.o)
                0x00009714                __aeabi_d2f
 .text          0x0000982c       0x3c c:/users/asus/appdata/local/arduino15/packages/arduino/tools/arm-none-eabi-gcc/4.8.3-2014q1/bin/../lib/gcc/arm-none-eabi/4.8.3/armv6-m\libgcc.a(_clzsi2.o)
                0x0000982c                __clzsi2
 .text.__errno  0x00009868        0xc c:/users/asus/appdata/local/arduino15/packages/arduino/tools/arm-none-eabi-gcc/4.8.3-2014q1/bin/../lib/gcc/arm-none-eabi/4.8.3/../../../../arm-none-eabi/lib/armv6-m\libc_s.a(lib_a-errno.o)
                0x00009868                __errno
 .text.__libc_init_array
                0x00009874       0x4c c:/users/asus/appdata/local/arduino15/packages/arduino/tools/arm-none-eabi-gcc/4.8.3-2014q1/bin/../lib/gcc/arm-none-eabi/4.8.3/../../../../arm-none-eabi/lib/armv6-m\libc_s.a(lib_a-init.o)
                0x00009874                __libc_init_array
 .text.malloc   0x000098c0       0x14 c:/users/asus/appdata/local/arduino15/packages/arduino/tools/arm-none-eabi-gcc/4.8.3-2014q1/bin/../lib/gcc/arm-none-eabi/4.8.3/../../../../arm-none-eabi/lib/armv6-m\libc_s.a(lib_a-malloc.o)
                0x000098c0                malloc
 .text.memcmp   0x000098d4       0x1e c:/users/asus/appdata/local/arduino15/packages/arduino/tools/arm-none-eabi-gcc/4.8.3-2014q1/bin/../lib/gcc/arm-none-eabi/4.8.3/../../../../arm-none-eabi/lib/armv6-m\libc_s.a(lib_a-memcmp.o)
                0x000098d4                memcmp
 .text.memcpy   0x000098f2       0x12 c:/users/asus/appdata/local/arduino15/packages/arduino/tools/arm-none-eabi-gcc/4.8.3-2014q1/bin/../lib/gcc/arm-none-eabi/4.8.3/../../../../arm-none-eabi/lib/armv6-m\libc_s.a(lib_a-memcpy-stub.o)
                0x000098f2                memcpy
 .text.memset   0x00009904       0x10 c:/users/asus/appdata/local/arduino15/packages/arduino/tools/arm-none-eabi-gcc/4.8.3-2014q1/bin/../lib/gcc/arm-none-eabi/4.8.3/../../../../arm-none-eabi/lib/armv6-m\libc_s.a(lib_a-memset.o)
                0x00009904                memset
 .text._malloc_r
                0x00009914       0xa8 c:/users/asus/appdata/local/arduino15/packages/arduino/tools/arm-none-eabi-gcc/4.8.3-2014q1/bin/../lib/gcc/arm-none-eabi/4.8.3/../../../../arm-none-eabi/lib/armv6-m\libc_s.a(lib_a-nano-mallocr.o)
                0x00009914                _malloc_r
 .text._sbrk_r  0x000099bc       0x24 c:/users/asus/appdata/local/arduino15/packages/arduino/tools/arm-none-eabi-gcc/4.8.3-2014q1/bin/../lib/gcc/arm-none-eabi/4.8.3/../../../../arm-none-eabi/lib/armv6-m\libc_s.a(lib_a-sbrkr.o)
                0x000099bc                _sbrk_r
 .text.strlen   0x000099e0        0xe c:/users/asus/appdata/local/arduino15/packages/arduino/tools/arm-none-eabi-gcc/4.8.3-2014q1/bin/../lib/gcc/arm-none-eabi/4.8.3/../../../../arm-none-eabi/lib/armv6-m\libc_s.a(lib_a-strlen.o)
                0x000099e0                strlen
 *fill*         0x000099ee        0x2 
 .text._sbrk    0x000099f0       0x34 c:/users/asus/appdata/local/arduino15/packages/arduino/tools/arm-none-eabi-gcc/4.8.3-2014q1/bin/../lib/gcc/arm-none-eabi/4.8.3/../../../../arm-none-eabi/lib/armv6-m\libnosys.a(sbrk.o)
                0x000099f0                _sbrk
 *(.init)
 .init          0x00009a24        0x4 c:/users/asus/appdata/local/arduino15/packages/arduino/tools/arm-none-eabi-gcc/4.8.3-2014q1/bin/../lib/gcc/arm-none-eabi/4.8.3/armv6-m/crti.o
                0x00009a24                _init
 .init          0x00009a28        0x8 c:/users/asus/appdata/local/arduino15/packages/arduino/tools/arm-none-eabi-gcc/4.8.3-2014q1/bin/../lib/gcc/arm-none-eabi/4.8.3/armv6-m/crtn.o
 *(.fini)
 .fini          0x00009a30        0x4 c:/users/asus/appdata/local/arduino15/packages/arduino/tools/arm-none-eabi-gcc/4.8.3-2014q1/bin/../lib/gcc/arm-none-eabi/4.8.3/armv6-m/crti.o
                0x00009a30                _fini
 .fini          0x00009a34        0x8 c:/users/asus/appdata/local/arduino15/packages/arduino/tools/arm-none-eabi-gcc/4.8.3-2014q1/bin/../lib/gcc/arm-none-eabi/4.8.3/armv6-m/crtn.o
 *crtbegin.o(.ctors)
 *crtbegin?.o(.ctors)
 *(EXCLUDE_FILE(*crtend.o *crtend?.o) .ctors)
 *(SORT(.ctors.*))
 *(.ctors)
 *crtbegin.o(.dtors)
 *crtbegin?.o(.dtors)
 *(EXCLUDE_FILE(*crtend.o *crtend?.o) .dtors)
 *(SORT(.dtors.*))
 *(.dtors)
 *(.rodata*)
 .rodata.str1.1
                0x00009a3c       0x4b C:\Users\Asus\AppData\Local\Temp\arduino\sketches\4D1EEAFB6D70000CC430953D4A4E66C7\sketch\gyroCode.ino.cpp.o
 *fill*         0x00009a87        0x1 
 .rodata.test   0x00009a88       0x30 C:\Users\Asus\AppData\Local\Temp\arduino\sketches\4D1EEAFB6D70000CC430953D4A4E66C7\libraries\SparkFun_MPU-9250_Digital_Motion_Processing__DMP__Arduino_Librar\util\inv_mpu.c.o
                0x00009a88                test
 .rodata.str1.1
                0x00009ab8      0x416 C:\Users\Asus\AppData\Local\Temp\arduino\sketches\4D1EEAFB6D70000CC430953D4A4E66C7\libraries\SparkFun_MPU-9250_Digital_Motion_Processing__DMP__Arduino_Librar\util\inv_mpu.c.o
 .rodata.hw     0x00009ece        0xe C:\Users\Asus\AppData\Local\Temp\arduino\sketches\4D1EEAFB6D70000CC430953D4A4E66C7\libraries\SparkFun_MPU-9250_Digital_Motion_Processing__DMP__Arduino_Librar\util\inv_mpu.c.o
                0x00009ece                hw
 .rodata.reg    0x00009edc       0x2a C:\Users\Asus\AppData\Local\Temp\arduino\sketches\4D1EEAFB6D70000CC430953D4A4E66C7\libraries\SparkFun_MPU-9250_Digital_Motion_Processing__DMP__Arduino_Librar\util\inv_mpu.c.o
                0x00009edc                reg
 .rodata        0x00009f06       0x40 C:\Users\Asus\AppData\Local\Temp\arduino\sketches\4D1EEAFB6D70000CC430953D4A4E66C7\libraries\SparkFun_MPU-9250_Digital_Motion_Processing__DMP__Arduino_Librar\util\inv_mpu_dmp_motion_driver.c.o
 .rodata.dmp_memory
                0x00009f46      0xbf6 C:\Users\Asus\AppData\Local\Temp\arduino\sketches\4D1EEAFB6D70000CC430953D4A4E66C7\libraries\SparkFun_MPU-9250_Digital_Motion_Processing__DMP__Arduino_Librar\util\inv_mpu_dmp_motion_driver.c.o
 *fill*         0x0000ab3c        0x4 
 .rodata._ZTV7TwoWire
                0x0000ab40       0x28 C:\Users\Asus\AppData\Local\Temp\arduino\sketches\4D1EEAFB6D70000CC430953D4A4E66C7\libraries\Wire\Wire.cpp.o
                0x0000ab40                vtable for TwoWire
 .rodata.g_APinDescription
                0x0000ab68      0x420 C:\Users\Asus\AppData\Local\Temp\arduino\sketches\4D1EEAFB6D70000CC430953D4A4E66C7\core\variant.cpp.o
                0x0000ab68                g_APinDescription
 .rodata.str1.4
                0x0000af88        0x8 c:/users/asus/appdata/local/arduino15/packages/arduino/tools/arm-none-eabi-gcc/4.8.3-2014q1/bin/../lib/gcc/arm-none-eabi/4.8.3/../../../../arm-none-eabi/lib/armv6-m\libm.a(lib_a-w_asin.o)
                                  0xc (size before relaxing)
 .rodata.atanlo
                0x0000af90       0x20 c:/users/asus/appdata/local/arduino15/packages/arduino/tools/arm-none-eabi-gcc/4.8.3-2014q1/bin/../lib/gcc/arm-none-eabi/4.8.3/../../../../arm-none-eabi/lib/armv6-m\libm.a(lib_a-s_atan.o)
 .rodata.atanhi
                0x0000afb0       0x20 c:/users/asus/appdata/local/arduino15/packages/arduino/tools/arm-none-eabi-gcc/4.8.3-2014q1/bin/../lib/gcc/arm-none-eabi/4.8.3/../../../../arm-none-eabi/lib/armv6-m\libm.a(lib_a-s_atan.o)
 .rodata.str1.1
                0x0000afd0        0xc C:\Users\Asus\AppData\Local\Temp\arduino\sketches\4D1EEAFB6D70000CC430953D4A4E66C7/..\..\cores\SparkFun_samd_samd21_9dof_ef128ea404fa55e1bc02aa0e8aaa1558\core.a(Print.cpp.o)
                                  0xf (size before relaxing)
 *fill*         0x0000afdc        0x4 
 .rodata._ZTV7Serial_
                0x0000afe0       0x28 C:\Users\Asus\AppData\Local\Temp\arduino\sketches\4D1EEAFB6D70000CC430953D4A4E66C7/..\..\cores\SparkFun_samd_samd21_9dof_ef128ea404fa55e1bc02aa0e8aaa1558\core.a(CDC.cpp.o)
                0x0000afe0                vtable for Serial_
 .rodata._ZTV26DoubleBufferedEPOutHandler
                0x0000b008       0x18 C:\Users\Asus\AppData\Local\Temp\arduino\sketches\4D1EEAFB6D70000CC430953D4A4E66C7/..\..\cores\SparkFun_samd_samd21_9dof_ef128ea404fa55e1bc02aa0e8aaa1558\core.a(USBCore.cpp.o)
                0x0000b008                vtable for DoubleBufferedEPOutHandler
 .rodata._ZL19STRING_MANUFACTURER
                0x0000b020        0x9 C:\Users\Asus\AppData\Local\Temp\arduino\sketches\4D1EEAFB6D70000CC430953D4A4E66C7/..\..\cores\SparkFun_samd_samd21_9dof_ef128ea404fa55e1bc02aa0e8aaa1558\core.a(USBCore.cpp.o)
 *fill*         0x0000b029        0x1 
 .rodata._ZL15STRING_LANGUAGE
                0x0000b02a        0x4 C:\Users\Asus\AppData\Local\Temp\arduino\sketches\4D1EEAFB6D70000CC430953D4A4E66C7/..\..\cores\SparkFun_samd_samd21_9dof_ef128ea404fa55e1bc02aa0e8aaa1558\core.a(USBCore.cpp.o)
 .rodata._ZL21USB_DeviceDescriptorB
                0x0000b02e       0x12 C:\Users\Asus\AppData\Local\Temp\arduino\sketches\4D1EEAFB6D70000CC430953D4A4E66C7/..\..\cores\SparkFun_samd_samd21_9dof_ef128ea404fa55e1bc02aa0e8aaa1558\core.a(USBCore.cpp.o)
 .rodata._ZL14STRING_PRODUCT
                0x0000b040        0xd C:\Users\Asus\AppData\Local\Temp\arduino\sketches\4D1EEAFB6D70000CC430953D4A4E66C7/..\..\cores\SparkFun_samd_samd21_9dof_ef128ea404fa55e1bc02aa0e8aaa1558\core.a(USBCore.cpp.o)
 *fill*         0x0000b04d        0x3 
 .rodata._ZTV4Uart
                0x0000b050       0x38 C:\Users\Asus\AppData\Local\Temp\arduino\sketches\4D1EEAFB6D70000CC430953D4A4E66C7/..\..\cores\SparkFun_samd_samd21_9dof_ef128ea404fa55e1bc02aa0e8aaa1558\core.a(Uart.cpp.o)
                0x0000b050                vtable for Uart
 .rodata        0x0000b088       0x40 c:/users/asus/appdata/local/arduino15/packages/arduino/tools/arm-none-eabi-gcc/4.8.3-2014q1/bin/../lib/gcc/arm-none-eabi/4.8.3/armv6-m\libgcc.a(divsf3.o)
 .rodata        0x0000b0c8       0x40 c:/users/asus/appdata/local/arduino15/packages/arduino/tools/arm-none-eabi-gcc/4.8.3-2014q1/bin/../lib/gcc/arm-none-eabi/4.8.3/armv6-m\libgcc.a(mulsf3.o)
 .rodata        0x0000b108       0x40 c:/users/asus/appdata/local/arduino15/packages/arduino/tools/arm-none-eabi-gcc/4.8.3-2014q1/bin/../lib/gcc/arm-none-eabi/4.8.3/armv6-m\libgcc.a(divdf3.o)
 .rodata        0x0000b148       0x40 c:/users/asus/appdata/local/arduino15/packages/arduino/tools/arm-none-eabi-gcc/4.8.3-2014q1/bin/../lib/gcc/arm-none-eabi/4.8.3/armv6-m\libgcc.a(muldf3.o)
 .rodata.str1.1
                0x0000b188        0x2 c:/users/asus/appdata/local/arduino15/packages/arduino/tools/arm-none-eabi-gcc/4.8.3-2014q1/bin/../lib/gcc/arm-none-eabi/4.8.3/../../../../arm-none-eabi/lib/armv6-m\libc_s.a(lib_a-impure.o)
 *(.eh_frame*)
 *fill*         0x0000b18a        0x2 
 .eh_frame      0x0000b18c        0x0 c:/users/asus/appdata/local/arduino15/packages/arduino/tools/arm-none-eabi-gcc/4.8.3-2014q1/bin/../lib/gcc/arm-none-eabi/4.8.3/armv6-m/crtbegin.o
 .eh_frame      0x0000b18c        0x4 c:/users/asus/appdata/local/arduino15/packages/arduino/tools/arm-none-eabi-gcc/4.8.3-2014q1/bin/../lib/gcc/arm-none-eabi/4.8.3/armv6-m/crtend.o

.glue_7         0x0000b190        0x0
 .glue_7        0x00000000        0x0 linker stubs

.glue_7t        0x0000b190        0x0
 .glue_7t       0x00000000        0x0 linker stubs

.vfp11_veneer   0x0000b190        0x0
 .vfp11_veneer  0x00000000        0x0 linker stubs

.v4_bx          0x0000b190        0x0
 .v4_bx         0x00000000        0x0 linker stubs

.iplt           0x0000b190        0x0
 .iplt          0x00000000        0x0 c:/users/asus/appdata/local/arduino15/packages/arduino/tools/arm-none-eabi-gcc/4.8.3-2014q1/bin/../lib/gcc/arm-none-eabi/4.8.3/armv6-m/crtbegin.o

.rel.dyn        0x0000b190        0x0
 .rel.iplt      0x00000000        0x0 c:/users/asus/appdata/local/arduino15/packages/arduino/tools/arm-none-eabi-gcc/4.8.3-2014q1/bin/../lib/gcc/arm-none-eabi/4.8.3/armv6-m/crtbegin.o

.ARM.extab
 *(.ARM.extab* .gnu.linkonce.armextab.*)
                0x0000b190                __exidx_start = .

.ARM.exidx
 *(.ARM.exidx* .gnu.linkonce.armexidx.*)
                0x0000b190                __exidx_end = .
                0x0000b190                __etext = .

.data           0x20000000      0x144 load address 0x0000b190
                0x20000000                __data_start__ = .
 *(vtable)
 *(.data*)
 .data.st       0x20000000       0x38 C:\Users\Asus\AppData\Local\Temp\arduino\sketches\4D1EEAFB6D70000CC430953D4A4E66C7\libraries\SparkFun_MPU-9250_Digital_Motion_Processing__DMP__Arduino_Librar\util\inv_mpu.c.o
 .data.__fdlib_version
                0x20000038        0x1 c:/users/asus/appdata/local/arduino15/packages/arduino/tools/arm-none-eabi-gcc/4.8.3-2014q1/bin/../lib/gcc/arm-none-eabi/4.8.3/../../../../arm-none-eabi/lib/armv6-m\libm.a(lib_a-s_lib_ver.o)
                0x20000038                __fdlib_version
 *fill*         0x20000039        0x3 
 .data._ZL12_usbLineInfo
                0x2000003c        0x8 C:\Users\Asus\AppData\Local\Temp\arduino\sketches\4D1EEAFB6D70000CC430953D4A4E66C7/..\..\cores\SparkFun_samd_samd21_9dof_ef128ea404fa55e1bc02aa0e8aaa1558\core.a(CDC.cpp.o)
 .data._ZL10breakValue